2026-06-02 12:25:01,439 - INFO - Starting Git Repository Chunking Tool
2026-06-02 12:25:09,827 - INFO - 
Processing repository at: D:\UE World\UE Personal Projects\EndlessRunner\EndlessRunner_UE_Project
2026-06-02 12:25:09,897 - INFO - Found 930 untracked items (files and folders).
2026-06-02 12:25:09,962 - INFO - ================================================================================
Git Repository Chunking Report
Repository: D:\UE World\UE Personal Projects\EndlessRunner\EndlessRunner_UE_Project
Generated: 2026-06-02 12:25:09
--------------------------------------------------------------------------------
Summary Statistics:
  Total files processed: 930
  Successfully processed files: 930
  Files that couldn't be measured: 0
  Files too large (>25MB): 0
  Total size of processable files: 1386.24MB
  Total chunks created: 69
--------------------------------------------------------------------------------

Chunk Details:

Chunk #1 (31 files, 24.49MB):
  - Config\DefaultEditor.ini (0.00MB)
  - Config\DefaultEditorPerProjectUserSettings.ini (0.00MB)
  - Config\DefaultEditorSettings.ini (0.00MB)
  - Config\DefaultEngine.ini (0.00MB)
  - Config\DefaultGame.ini (0.00MB)
  - Config\DefaultInput.ini (0.01MB)
  - Content\BungeeMan\CR_BungeeMan.uasset (13.23MB)
  - Content\BungeeMan\LS_BungeeManCycle.uasset (0.16MB)
  - Content\BungeeMan\LS_BungeeMan_Poses.uasset (0.45MB)
  - Content\BungeeMan\Mat_BungeeMan_Body.uasset (0.01MB)
  - Content\BungeeMan\Mat_BungeeMan_Rubber.uasset (0.01MB)
  - Content\BungeeMan\SKM_BungeeMan.uasset (3.07MB)
  - Content\BungeeMan\SK_BungeeMan.uasset (0.05MB)
  - Content\Characters\Mannequin_UE4\Animations\Jog_Fwd.uasset (0.19MB)
  - Content\Characters\Mannequin_UE4\Materials\Layers\ML_Latex_Black.uasset (0.01MB)
  - Content\Characters\Mannequin_UE4\Materials\Layers\ML_ShinyPlastic_Beige.uasset (0.01MB)
  - Content\Characters\Mannequin_UE4\Materials\Layers\ML_ShinyPlastic_Beige_Logo.uasset (0.01MB)
  - Content\Characters\Mannequin_UE4\Materials\Layers\ML_SoftMetal.uasset (0.01MB)
  - Content\Characters\Mannequin_UE4\Materials\M_MannequinUE4_Body.uasset (0.03MB)
  - Content\Characters\Mannequin_UE4\Materials\M_MannequinUE4_ChestLogo.uasset (0.01MB)
  - Content\Characters\Mannequin_UE4\Meshes\SK_Mannequin.uasset (5.32MB)
  - Content\Characters\Mannequin_UE4\Meshes\SK_Mannequin_PhysicsAsset.uasset (0.04MB)
  - Content\Characters\Mannequin_UE4\Meshes\SK_Mannequin_Skeleton.uasset (0.02MB)
  - Content\Characters\Mannequin_UE4\Rigs\IK_UE4_Mannequin.uasset (0.07MB)
  - Content\Characters\Mannequin_UE4\Rigs\RTG_UE4Manny_UE5Manny.uasset (0.02MB)
  - Content\Characters\Mannequin_UE4\Rigs\RTG_UE5Manny_UE4Manny.uasset (0.02MB)
  - Content\Characters\Mannequin_UE4\Textures\T_ML_Aluminum01.uasset (0.38MB)
  - Content\Characters\Mannequin_UE4\Textures\T_ML_Aluminum01_N.uasset (0.39MB)
  - Content\Characters\Mannequin_UE4\Textures\T_ML_Rubber_Blue_01_D.uasset (0.41MB)
  - Content\Characters\Mannequin_UE4\Textures\T_ML_Rubber_Blue_01_N.uasset (0.34MB)
  - Content\Characters\Mannequin_UE4\Textures\T_UE4_Mannequin_MAT_MASKA.uasset (0.20MB)

Chunk #2 (29 files, 11.02MB):
  - Content\Characters\Mannequin_UE4\Textures\T_UE4_Mannequin__normals.uasset (5.18MB)
  - Content\Characters\Mannequin_UE4\Textures\T_UELogo_Mask.uasset (0.04MB)
  - Content\Characters\Mannequin_UE4\Textures\T_UELogo_N_TGA.uasset (0.05MB)
  - Content\Characters\Mannequins\Animations\ABP_Manny.uasset (0.34MB)
  - Content\Characters\Mannequins\Animations\ABP_Quinn.uasset (0.04MB)
  - Content\Characters\Mannequins\Animations\Manny\BS_MM_WalkRun.uasset (0.01MB)
  - Content\Characters\Mannequins\Animations\Manny\MM_Fall_Loop.uasset (0.67MB)
  - Content\Characters\Mannequins\Animations\Manny\MM_Idle.uasset (0.86MB)
  - Content\Characters\Mannequins\Animations\Manny\MM_Jump.uasset (0.28MB)
  - Content\Characters\Mannequins\Animations\Manny\MM_Land.uasset (0.29MB)
  - Content\Characters\Mannequins\Animations\Manny\MM_Run_Fwd.uasset (0.28MB)
  - Content\Characters\Mannequins\Animations\Manny\MM_T_Pose.uasset (0.03MB)
  - Content\Characters\Mannequins\Animations\Manny\MM_Walk_Fwd.uasset (0.37MB)
  - Content\Characters\Mannequins\Animations\Manny\MM_Walk_InPlace.uasset (0.58MB)
  - Content\Characters\Mannequins\Animations\Quinn\BS_MF_Unarmed_WalkRun.uasset (0.01MB)
  - Content\Characters\Mannequins\Animations\Quinn\MF_Idle.uasset (0.88MB)
  - Content\Characters\Mannequins\Animations\Quinn\MF_Run_Fwd.uasset (0.41MB)
  - Content\Characters\Mannequins\Animations\Quinn\MF_Walk_Fwd.uasset (0.43MB)
  - Content\Characters\Mannequins\Materials\Functions\CA_Mannequin.uasset (0.00MB)
  - Content\Characters\Mannequins\Materials\Functions\ChromaticCurve.uasset (0.01MB)
  - Content\Characters\Mannequins\Materials\Functions\MF_Diffraction.uasset (0.03MB)
  - Content\Characters\Mannequins\Materials\Functions\MF_logo3layers.uasset (0.05MB)
  - Content\Characters\Mannequins\Materials\Functions\ML_BaseColorFallOff.uasset (0.01MB)
  - Content\Characters\Mannequins\Materials\Instances\Manny\MI_Manny_01.uasset (0.02MB)
  - Content\Characters\Mannequins\Materials\Instances\Manny\MI_Manny_02.uasset (0.02MB)
  - Content\Characters\Mannequins\Materials\Instances\Quinn\MI_Quinn_01.uasset (0.02MB)
  - Content\Characters\Mannequins\Materials\Instances\Quinn\MI_Quinn_02.uasset (0.02MB)
  - Content\Characters\Mannequins\Materials\M_Mannequin.uasset (0.08MB)
  - Content\Characters\Mannequins\Meshes\Mannequin_LODSettings.uasset (0.02MB)

Chunk #3 (1 files, 17.67MB):
  - Content\Characters\Mannequins\Meshes\SKM_Manny_Simple.uasset (17.67MB)

Chunk #4 (1 files, 25.00MB):
  - Content\Characters\Mannequins\Meshes\SKM_Manny_part000.uasset (25.00MB)

Chunk #5 (1 files, 7.94MB):
  - Content\Characters\Mannequins\Meshes\SKM_Manny_part001.uasset (7.94MB)

Chunk #6 (1 files, 18.47MB):
  - Content\Characters\Mannequins\Meshes\SKM_Quinn_Simple.uasset (18.47MB)

Chunk #7 (1 files, 25.00MB):
  - Content\Characters\Mannequins\Meshes\SKM_Quinn_part000.uasset (25.00MB)

Chunk #8 (1 files, 25.00MB):
  - Content\Characters\Mannequins\Meshes\SKM_Quinn_part001.uasset (25.00MB)

Chunk #9 (5 files, 17.50MB):
  - Content\Characters\Mannequins\Meshes\SKM_Quinn_part002.uasset (15.88MB)
  - Content\Characters\Mannequins\Meshes\SK_Mannequin.uasset (0.18MB)
  - Content\Characters\Mannequins\Rigs\ABP_Manny_PostProcess.uasset (0.44MB)
  - Content\Characters\Mannequins\Rigs\ABP_Quinn_PostProcess.uasset (0.44MB)
  - Content\Characters\Mannequins\Rigs\CR_Mannequin_BasicFootIK.uasset (0.55MB)

Chunk #10 (35 files, 25.00MB):
  - Content\Characters\Mannequins\Rigs\CR_Mannequin_Body.uasset (15.29MB)
  - Content\Characters\Mannequins\Rigs\CR_Mannequin_Procedural.uasset (2.16MB)
  - Content\Characters\Mannequins\Rigs\IK_Mannequin.uasset (0.14MB)
  - Content\Characters\Mannequins\Rigs\PA_Mannequin.uasset (0.28MB)
  - Content\Characters\Mannequins\Rigs\Poses\Manny\Manny_calf_l_anim.uasset (0.13MB)
  - Content\Characters\Mannequins\Rigs\Poses\Manny\Manny_calf_l_pose.uasset (0.20MB)
  - Content\Characters\Mannequins\Rigs\Poses\Manny\Manny_calf_r_anim.uasset (0.13MB)
  - Content\Characters\Mannequins\Rigs\Poses\Manny\Manny_calf_r_pose.uasset (0.20MB)
  - Content\Characters\Mannequins\Rigs\Poses\Manny\Manny_clavicle_l_anim.uasset (0.13MB)
  - Content\Characters\Mannequins\Rigs\Poses\Manny\Manny_clavicle_l_pose.uasset (0.20MB)
  - Content\Characters\Mannequins\Rigs\Poses\Manny\Manny_clavicle_r_anim.uasset (0.13MB)
  - Content\Characters\Mannequins\Rigs\Poses\Manny\Manny_clavicle_r_pose.uasset (0.20MB)
  - Content\Characters\Mannequins\Rigs\Poses\Manny\Manny_foot_l_anim.uasset (0.12MB)
  - Content\Characters\Mannequins\Rigs\Poses\Manny\Manny_foot_l_pose.uasset (0.13MB)
  - Content\Characters\Mannequins\Rigs\Poses\Manny\Manny_foot_r_anim.uasset (0.12MB)
  - Content\Characters\Mannequins\Rigs\Poses\Manny\Manny_foot_r_pose.uasset (0.13MB)
  - Content\Characters\Mannequins\Rigs\Poses\Manny\Manny_hand_l_anim.uasset (0.13MB)
  - Content\Characters\Mannequins\Rigs\Poses\Manny\Manny_hand_l_pose.uasset (0.16MB)
  - Content\Characters\Mannequins\Rigs\Poses\Manny\Manny_hand_r_anim.uasset (0.13MB)
  - Content\Characters\Mannequins\Rigs\Poses\Manny\Manny_hand_r_pose.uasset (0.16MB)
  - Content\Characters\Mannequins\Rigs\Poses\Manny\Manny_lowerarm_l_anim.uasset (0.19MB)
  - Content\Characters\Mannequins\Rigs\Poses\Manny\Manny_lowerarm_l_pose.uasset (0.34MB)
  - Content\Characters\Mannequins\Rigs\Poses\Manny\Manny_lowerarm_r_anim.uasset (0.16MB)
  - Content\Characters\Mannequins\Rigs\Poses\Manny\Manny_lowerarm_r_pose.uasset (0.34MB)
  - Content\Characters\Mannequins\Rigs\Poses\Manny\Manny_thigh_l_anim.uasset (0.19MB)
  - Content\Characters\Mannequins\Rigs\Poses\Manny\Manny_thigh_l_pose.uasset (0.53MB)
  - Content\Characters\Mannequins\Rigs\Poses\Manny\Manny_thigh_r_anim.uasset (0.19MB)
  - Content\Characters\Mannequins\Rigs\Poses\Manny\Manny_thigh_r_pose.uasset (0.53MB)
  - Content\Characters\Mannequins\Rigs\Poses\Manny\Manny_upperarm_l_anim.uasset (0.20MB)
  - Content\Characters\Mannequins\Rigs\Poses\Manny\Manny_upperarm_l_pose.uasset (0.61MB)
  - Content\Characters\Mannequins\Rigs\Poses\Manny\Manny_upperarm_r_anim.uasset (0.20MB)
  - Content\Characters\Mannequins\Rigs\Poses\Manny\Manny_upperarm_r_pose.uasset (0.60MB)
  - Content\Characters\Mannequins\Rigs\Poses\Quinn\Quinn_calf_l_anim.uasset (0.18MB)
  - Content\Characters\Mannequins\Rigs\Poses\Quinn\Quinn_calf_l_pose.uasset (0.23MB)
  - Content\Characters\Mannequins\Rigs\Poses\Quinn\Quinn_calf_r_anim.uasset (0.22MB)

Chunk #11 (27 files, 9.64MB):
  - Content\Characters\Mannequins\Rigs\Poses\Quinn\Quinn_calf_r_pose.uasset (0.23MB)
  - Content\Characters\Mannequins\Rigs\Poses\Quinn\Quinn_clavicle_l_anim.uasset (0.21MB)
  - Content\Characters\Mannequins\Rigs\Poses\Quinn\Quinn_clavicle_l_pose.uasset (0.20MB)
  - Content\Characters\Mannequins\Rigs\Poses\Quinn\Quinn_clavicle_r_anim.uasset (0.18MB)
  - Content\Characters\Mannequins\Rigs\Poses\Quinn\Quinn_clavicle_r_pose.uasset (0.20MB)
  - Content\Characters\Mannequins\Rigs\Poses\Quinn\Quinn_foot_l_anim.uasset (0.16MB)
  - Content\Characters\Mannequins\Rigs\Poses\Quinn\Quinn_foot_l_pose.uasset (0.13MB)
  - Content\Characters\Mannequins\Rigs\Poses\Quinn\Quinn_foot_r_anim.uasset (0.16MB)
  - Content\Characters\Mannequins\Rigs\Poses\Quinn\Quinn_foot_r_pose.uasset (0.13MB)
  - Content\Characters\Mannequins\Rigs\Poses\Quinn\Quinn_hand_l_anim.uasset (0.17MB)
  - Content\Characters\Mannequins\Rigs\Poses\Quinn\Quinn_hand_l_pose.uasset (0.16MB)
  - Content\Characters\Mannequins\Rigs\Poses\Quinn\Quinn_hand_r_anim.uasset (0.15MB)
  - Content\Characters\Mannequins\Rigs\Poses\Quinn\Quinn_hand_r_pose.uasset (0.16MB)
  - Content\Characters\Mannequins\Rigs\Poses\Quinn\Quinn_lowerarm_l_anim.uasset (0.19MB)
  - Content\Characters\Mannequins\Rigs\Poses\Quinn\Quinn_lowerarm_l_pose.uasset (0.38MB)
  - Content\Characters\Mannequins\Rigs\Poses\Quinn\Quinn_lowerarm_r_anim.uasset (0.19MB)
  - Content\Characters\Mannequins\Rigs\Poses\Quinn\Quinn_lowerarm_r_pose.uasset (0.38MB)
  - Content\Characters\Mannequins\Rigs\Poses\Quinn\Quinn_thigh_l_anim.uasset (0.21MB)
  - Content\Characters\Mannequins\Rigs\Poses\Quinn\Quinn_thigh_l_pose.uasset (0.53MB)
  - Content\Characters\Mannequins\Rigs\Poses\Quinn\Quinn_thigh_r_anim.uasset (0.21MB)
  - Content\Characters\Mannequins\Rigs\Poses\Quinn\Quinn_thigh_r_pose.uasset (0.53MB)
  - Content\Characters\Mannequins\Rigs\Poses\Quinn\Quinn_upperarm_l_anim.uasset (0.20MB)
  - Content\Characters\Mannequins\Rigs\Poses\Quinn\Quinn_upperarm_l_pose.uasset (0.46MB)
  - Content\Characters\Mannequins\Rigs\Poses\Quinn\Quinn_upperarm_r_anim.uasset (0.20MB)
  - Content\Characters\Mannequins\Rigs\Poses\Quinn\Quinn_upperarm_r_pose.uasset (0.47MB)
  - Content\Characters\Mannequins\Rigs\RTG_Mannequin.uasset (0.02MB)
  - Content\Characters\Mannequins\Textures\Manny\T_Manny_01_ASAOPMASK_MSK.uasset (3.45MB)

Chunk #12 (1 files, 17.66MB):
  - Content\Characters\Mannequins\Textures\Manny\T_Manny_01_BN.uasset (17.66MB)

Chunk #13 (2 files, 15.27MB):
  - Content\Characters\Mannequins\Textures\Manny\T_Manny_01_CCRCCPlastic_MSK.uasset (9.80MB)
  - Content\Characters\Mannequins\Textures\Manny\T_Manny_01_D.uasset (5.47MB)

Chunk #14 (3 files, 18.69MB):
  - Content\Characters\Mannequins\Textures\Manny\T_Manny_01_MSR_MSK.uasset (10.53MB)
  - Content\Characters\Mannequins\Textures\Manny\T_Manny_01_N.uasset (6.86MB)
  - Content\Characters\Mannequins\Textures\Manny\T_Manny_01_Tan.uasset (1.29MB)

Chunk #15 (1 files, 7.95MB):
  - Content\Characters\Mannequins\Textures\Manny\T_Manny_02_ASAOPMASK_MSK.uasset (7.95MB)

Chunk #16 (1 files, 20.16MB):
  - Content\Characters\Mannequins\Textures\Manny\T_Manny_02_BN.uasset (20.16MB)

Chunk #17 (2 files, 21.15MB):
  - Content\Characters\Mannequins\Textures\Manny\T_Manny_02_CCRCCPlastic_MSK.uasset (12.54MB)
  - Content\Characters\Mannequins\Textures\Manny\T_Manny_02_D.uasset (8.62MB)

Chunk #18 (3 files, 22.03MB):
  - Content\Characters\Mannequins\Textures\Manny\T_Manny_02_MSR_MSK.uasset (13.04MB)
  - Content\Characters\Mannequins\Textures\Manny\T_Manny_02_N.uasset (6.93MB)
  - Content\Characters\Mannequins\Textures\Manny\T_Manny_02_Tan.uasset (2.05MB)

Chunk #19 (2 files, 19.86MB):
  - Content\Characters\Mannequins\Textures\Quinn\T_Quinn_01ID_BN.uasset (15.36MB)
  - Content\Characters\Mannequins\Textures\Quinn\T_Quinn_01ID_D.uasset (4.49MB)

Chunk #20 (4 files, 22.71MB):
  - Content\Characters\Mannequins\Textures\Quinn\T_Quinn_01ID_MSR_MSK.uasset (11.12MB)
  - Content\Characters\Mannequins\Textures\Quinn\T_Quinn_01ID_N.uasset (4.98MB)
  - Content\Characters\Mannequins\Textures\Quinn\T_Quinn_01ID_Tan.uasset (1.05MB)
  - Content\Characters\Mannequins\Textures\Quinn\T_Quinn_01_ASAOMASK_MSK.uasset (5.56MB)

Chunk #21 (1 files, 11.83MB):
  - Content\Characters\Mannequins\Textures\Quinn\T_Quinn_01_CCRCCPlastic_MSK.uasset (11.83MB)

Chunk #22 (1 files, 18.79MB):
  - Content\Characters\Mannequins\Textures\Quinn\T_Quinn_02ID_BN.uasset (18.79MB)

Chunk #23 (3 files, 23.96MB):
  - Content\Characters\Mannequins\Textures\Quinn\T_Quinn_02ID_D.uasset (6.42MB)
  - Content\Characters\Mannequins\Textures\Quinn\T_Quinn_02ID_MSR_MSK.uasset (12.56MB)
  - Content\Characters\Mannequins\Textures\Quinn\T_Quinn_02ID_N.uasset (4.98MB)

Chunk #24 (23 files, 24.97MB):
  - Content\Characters\Mannequins\Textures\Quinn\T_Quinn_02ID_Tan.uasset (1.68MB)
  - Content\Characters\Mannequins\Textures\Quinn\T_Quinn_02_ASAOMASK_MSK.uasset (6.58MB)
  - Content\Characters\Mannequins\Textures\Quinn\T_Quinn_02_CCRCCPlastic_MSK.uasset (12.81MB)
  - Content\Characters\Mannequins\Textures\Shared\T_UE_Logo_M.uasset (0.07MB)
  - Content\LevelPrototyping\Materials\MF_ProcGrid.uasset (0.05MB)
  - Content\LevelPrototyping\Materials\MI_PrototypeGrid_Gray.uasset (0.01MB)
  - Content\LevelPrototyping\Materials\MI_PrototypeGrid_Gray_02.uasset (0.01MB)
  - Content\LevelPrototyping\Materials\MI_PrototypeGrid_TopDark.uasset (0.01MB)
  - Content\LevelPrototyping\Materials\MI_Solid_Blue.uasset (0.01MB)
  - Content\LevelPrototyping\Materials\M_PrototypeGrid.uasset (0.04MB)
  - Content\LevelPrototyping\Materials\M_Solid.uasset (0.01MB)
  - Content\LevelPrototyping\Meshes\SM_ChamferCube.uasset (0.02MB)
  - Content\LevelPrototyping\Meshes\SM_Cube.uasset (0.02MB)
  - Content\LevelPrototyping\Meshes\SM_Cylinder.uasset (0.02MB)
  - Content\LevelPrototyping\Meshes\SM_QuarterCylinder.uasset (0.02MB)
  - Content\LevelPrototyping\Meshes\SM_Ramp.uasset (0.02MB)
  - Content\LevelPrototyping\Textures\T_GridChecker_A.uasset (0.01MB)
  - Content\MCO_Mocap_Basics\Animation\Conversations\Root_Motion\Convo_01_Low_Key_Loop.uasset (1.61MB)
  - Content\MCO_Mocap_Basics\Animation\Conversations\Root_Motion\Convo_11_Listening_Loop.uasset (1.37MB)
  - Content\MCO_Mocap_Basics\Animation\Mobility_Pro\In_Place\MOB1_CrouchWalk_F_IPC.uasset (0.13MB)
  - Content\MCO_Mocap_Basics\Animation\Mobility_Pro\In_Place\MOB1_Crouch_Idle_V2_IPC.uasset (0.22MB)
  - Content\MCO_Mocap_Basics\Animation\Mobility_Pro\In_Place\MOB1_Jog_F_IPC.uasset (0.12MB)
  - Content\MCO_Mocap_Basics\Animation\Mobility_Pro\In_Place\MOB1_Jog_F_to_Stand_Relaxed_RU_IPC.uasset (0.15MB)

Chunk #25 (83 files, 24.99MB):
  - Content\MCO_Mocap_Basics\Animation\Mobility_Pro\In_Place\MOB1_Run_F_IPC.uasset (0.11MB)
  - Content\MCO_Mocap_Basics\Animation\Mobility_Pro\In_Place\MOB1_Run_F_to_Stand_Relaxed_RU_IPC.uasset (0.16MB)
  - Content\MCO_Mocap_Basics\Animation\Mobility_Pro\In_Place\MOB1_Stand_Relaxed_Death_B_IPC.uasset (0.19MB)
  - Content\MCO_Mocap_Basics\Animation\Mobility_Pro\In_Place\MOB1_Stand_Relaxed_Fgt_v1_IPC.uasset (0.23MB)
  - Content\MCO_Mocap_Basics\Animation\Mobility_Pro\In_Place\MOB1_Stand_Relaxed_Fgt_v4_IPC.uasset (0.29MB)
  - Content\MCO_Mocap_Basics\Animation\Mobility_Pro\In_Place\MOB1_Stand_Relaxed_Idle_v2_IPC.uasset (0.26MB)
  - Content\MCO_Mocap_Basics\Animation\Mobility_Pro\In_Place\MOB1_Walk_F_IPC.uasset (0.13MB)
  - Content\MCO_Mocap_Basics\Animation\Mobility_Pro\Root_Motion\MOB1_CrouchWalk_F.uasset (0.13MB)
  - Content\MCO_Mocap_Basics\Animation\Mobility_Pro\Root_Motion\MOB1_Crouch_Idle_V2.uasset (0.22MB)
  - Content\MCO_Mocap_Basics\Animation\Mobility_Pro\Root_Motion\MOB1_Jog_F.uasset (0.12MB)
  - Content\MCO_Mocap_Basics\Animation\Mobility_Pro\Root_Motion\MOB1_Jog_F_to_Stand_Relaxed_RU.uasset (0.15MB)
  - Content\MCO_Mocap_Basics\Animation\Mobility_Pro\Root_Motion\MOB1_Run_F.uasset (0.11MB)
  - Content\MCO_Mocap_Basics\Animation\Mobility_Pro\Root_Motion\MOB1_Run_F_to_Stand_Relaxed_RU.uasset (0.16MB)
  - Content\MCO_Mocap_Basics\Animation\Mobility_Pro\Root_Motion\MOB1_Stand_Relaxed_Death_B.uasset (0.19MB)
  - Content\MCO_Mocap_Basics\Animation\Mobility_Pro\Root_Motion\MOB1_Stand_Relaxed_Fgt_v1.uasset (0.23MB)
  - Content\MCO_Mocap_Basics\Animation\Mobility_Pro\Root_Motion\MOB1_Stand_Relaxed_Fgt_v4.uasset (0.29MB)
  - Content\MCO_Mocap_Basics\Animation\Mobility_Pro\Root_Motion\MOB1_Stand_Relaxed_Idle_v2.uasset (0.26MB)
  - Content\MCO_Mocap_Basics\Animation\Mobility_Pro\Root_Motion\MOB1_Walk_F.uasset (0.13MB)
  - Content\MCO_Mocap_Basics\Animation\Scared\In_Place\SCR_Walk_Scared_Fwd_Look_Left_Loop_IP.uasset (0.61MB)
  - Content\MCO_Mocap_Basics\Animation\Scared\In_Place\SCR_Walk_Scared_Fwd_Look_Right_Loop_IP.uasset (0.54MB)
  - Content\MCO_Mocap_Basics\Animation\Scared\Root_Motion\SCR_Walk_Scared_Fwd_Look_Left_Loop.uasset (0.61MB)
  - Content\MCO_Mocap_Basics\Animation\Scared\Root_Motion\SCR_Walk_Scared_Fwd_Look_Right_Loop.uasset (0.55MB)
  - Content\MCO_Mocap_Basics\Animation\Walks\In_Place\Walk_02_Cheerful_Loop_IP.uasset (0.13MB)
  - Content\MCO_Mocap_Basics\Animation\Walks\In_Place\Walk_04_Texting_Loop_IP.uasset (0.19MB)
  - Content\MCO_Mocap_Basics\Animation\Walks\In_Place\Walk_06_Look_Around_Loop_IP.uasset (0.42MB)
  - Content\MCO_Mocap_Basics\Animation\Walks\In_Place\Walk_08_Listen_Music_Loop_IP.uasset (0.29MB)
  - Content\MCO_Mocap_Basics\Animation\Walks\In_Place\Walk_13_Power_Walk_Loop_IP.uasset (0.21MB)
  - Content\MCO_Mocap_Basics\Animation\Walks\Root_Motion\Walk_02_Cheerful_Loop.uasset (0.13MB)
  - Content\MCO_Mocap_Basics\Animation\Walks\Root_Motion\Walk_04_Texting_Loop.uasset (0.19MB)
  - Content\MCO_Mocap_Basics\Animation\Walks\Root_Motion\Walk_06_Look_Around_Loop.uasset (0.84MB)
  - Content\MCO_Mocap_Basics\Animation\Walks\Root_Motion\Walk_08_Listen_Music_Loop.uasset (0.32MB)
  - Content\MCO_Mocap_Basics\Animation\Walks\Root_Motion\Walk_13_Power_Walk_Loop.uasset (0.22MB)
  - Content\MCO_Mocap_Basics\Character\Materials\M_UE4Man_Body.uasset (0.13MB)
  - Content\MCO_Mocap_Basics\Character\Materials\M_UE4Man_ChestLogo.uasset (0.09MB)
  - Content\MCO_Mocap_Basics\Character\Materials\MaterialLayers\ML_GlossyBlack_Latex_UE4.uasset (0.10MB)
  - Content\MCO_Mocap_Basics\Character\Materials\MaterialLayers\ML_Plastic_Shiny_Beige.uasset (0.09MB)
  - Content\MCO_Mocap_Basics\Character\Materials\MaterialLayers\ML_Plastic_Shiny_Beige_LOGO.uasset (0.10MB)
  - Content\MCO_Mocap_Basics\Character\Materials\MaterialLayers\ML_SoftMetal_UE4.uasset (0.10MB)
  - Content\MCO_Mocap_Basics\Character\Materials\MaterialLayers\T_ML_Aluminum01.uasset (0.41MB)
  - Content\MCO_Mocap_Basics\Character\Materials\MaterialLayers\T_ML_Aluminum01_N.uasset (0.39MB)
  - Content\MCO_Mocap_Basics\Character\Materials\MaterialLayers\T_ML_Rubber_Blue_01_D.uasset (0.45MB)
  - Content\MCO_Mocap_Basics\Character\Materials\MaterialLayers\T_ML_Rubber_Blue_01_N.uasset (0.35MB)
  - Content\MCO_Mocap_Basics\Character\Mesh\SK_Mannequin.uasset (3.59MB)
  - Content\MCO_Mocap_Basics\Character\Mesh\SK_Mannequin_Anim.uasset (0.09MB)
  - Content\MCO_Mocap_Basics\Character\Mesh\SK_Mannequin_PhysicsAsset.uasset (0.02MB)
  - Content\MCO_Mocap_Basics\Character\Mesh\UE4_Mannequin_Skeleton.uasset (0.02MB)
  - Content\MCO_Mocap_Basics\Character\Textures\UE4Man_Logo_N.uasset (0.15MB)
  - Content\MCO_Mocap_Basics\Character\Textures\UE4_LOGO_CARD.uasset (0.09MB)
  - Content\MCO_Mocap_Basics\Character\Textures\UE4_Mannequin_MAT_MASKA.uasset (0.26MB)
  - Content\MCO_Mocap_Basics\Character\Textures\UE4_Mannequin__normals.uasset (5.22MB)
  - Content\MCO_Mocap_Basics\Character\Textures\UE4_Mannequin_occlusion.uasset (0.35MB)
  - Content\MCO_Mocap_Basics\Overview.umap (0.24MB)
  - Content\MDL\Base\OmniGlass.uasset (0.18MB)
  - Content\MDL\Base\OmniGlass_Opacity.uasset (0.18MB)
  - Content\MDL\Base\OmniHair.uasset (0.26MB)
  - Content\MDL\Base\OmniHair_Auburn.uasset (0.02MB)
  - Content\MDL\Base\OmniHair_Black.uasset (0.02MB)
  - Content\MDL\Base\OmniHair_Blonde.uasset (0.02MB)
  - Content\MDL\Base\OmniHair_Brown.uasset (0.02MB)
  - Content\MDL\Base\OmniHair_Wet.uasset (0.02MB)
  - Content\MDL\Base\OmniPBR.uasset (0.34MB)
  - Content\MDL\Base\OmniPBRBase.uasset (0.09MB)
  - Content\MDL\Base\OmniPBR_ClearCoat.uasset (0.53MB)
  - Content\MDL\Base\OmniPBR_ClearCoat_Opacity.uasset (0.52MB)
  - Content\MDL\Base\OmniPBR_Opacity.uasset (0.34MB)
  - Content\MDL\Base\OmniSurface.uasset (0.56MB)
  - Content\MDL\Base\OmniSurfaceBlend.uasset (0.09MB)
  - Content\MDL\Base\OmniSurfaceLite.uasset (0.37MB)
  - Content\MDL\Base\OmniSurface_Blood.uasset (0.04MB)
  - Content\MDL\Base\OmniSurface_BrushedMetal.uasset (0.03MB)
  - Content\MDL\Base\OmniSurface_Bubble.uasset (0.04MB)
  - Content\MDL\Base\OmniSurface_CarPaint.uasset (0.03MB)
  - Content\MDL\Base\OmniSurface_CarPaintMetallic.uasset (0.03MB)
  - Content\MDL\Base\OmniSurface_Ceramic.uasset (0.04MB)
  - Content\MDL\Base\OmniSurface_Chrome.uasset (0.03MB)
  - Content\MDL\Base\OmniSurface_Clay.uasset (0.04MB)
  - Content\MDL\Base\OmniSurface_ClearWater.uasset (0.04MB)
  - Content\MDL\Base\OmniSurface_Copper.uasset (0.03MB)
  - Content\MDL\Base\OmniSurface_DeepWater.uasset (0.04MB)
  - Content\MDL\Base\OmniSurface_Default.uasset (0.04MB)
  - Content\MDL\Base\OmniSurface_Diamond.uasset (0.04MB)
  - Content\MDL\Base\OmniSurface_DustedGlass.uasset (0.04MB)
  - Content\MDL\Base\OmniSurface_Foam.uasset (0.03MB)

Chunk #26 (218 files, 10.74MB):
  - Content\MDL\Base\OmniSurface_FrostedGlass.uasset (0.04MB)
  - Content\MDL\Base\OmniSurface_Glass.uasset (0.04MB)
  - Content\MDL\Base\OmniSurface_GlossyPaint.uasset (0.03MB)
  - Content\MDL\Base\OmniSurface_Gold.uasset (0.03MB)
  - Content\MDL\Base\OmniSurface_Honey.uasset (0.04MB)
  - Content\MDL\Base\OmniSurface_IncandescentBulb.uasset (0.03MB)
  - Content\MDL\Base\OmniSurface_Jade.uasset (0.04MB)
  - Content\MDL\Base\OmniSurface_MapleSyrup.uasset (0.04MB)
  - Content\MDL\Base\OmniSurface_OrangeJuice.uasset (0.04MB)
  - Content\MDL\Base\OmniSurface_PeanutButter.uasset (0.04MB)
  - Content\MDL\Base\OmniSurface_Plastic.uasset (0.04MB)
  - Content\MDL\Base\OmniSurface_Polyethylene.uasset (0.04MB)
  - Content\MDL\Base\OmniSurface_Rubber.uasset (0.03MB)
  - Content\MDL\Base\OmniSurface_SkimMilk.uasset (0.04MB)
  - Content\MDL\Base\OmniSurface_Skin_1.uasset (0.04MB)
  - Content\MDL\Base\OmniSurface_Skin_2.uasset (0.04MB)
  - Content\MDL\Base\OmniSurface_Skin_3.uasset (0.04MB)
  - Content\MDL\Base\OmniSurface_Skin_4.uasset (0.04MB)
  - Content\MDL\Base\OmniSurface_TwoToneCarPaint.uasset (0.03MB)
  - Content\MDL\Base\OmniSurface_Velvet.uasset (0.04MB)
  - Content\MDL\Base\OmniSurface_Wax.uasset (0.04MB)
  - Content\MDL\Base\OmniSurface_WholeMilk.uasset (0.04MB)
  - Content\MDL\Base\SimPBR.uasset (0.31MB)
  - Content\MDL\Base\SimPBR_Model.uasset (0.14MB)
  - Content\MDL\Base\SimPBR_Translucent.uasset (0.13MB)
  - Content\MDL\Base\gltf\gltf_material.uasset (0.25MB)
  - Content\MDL\Base\gltf\gltf_material_khr_specular_glossiness.uasset (0.11MB)
  - Content\MDL\Functions\mdl_OmniImage_native_wrap_mode.uasset (0.01MB)
  - Content\MDL\Functions\mdl_OmniPBRBase_tangent_space_normal_roughness_texture.uasset (0.03MB)
  - Content\MDL\Functions\mdl_OmniSurface_OmniImage_compute_latitude_longitude_projection.uasset (0.03MB)
  - Content\MDL\Functions\mdl_OmniSurface_OmniImage_compute_texture_coordinate_2.uasset (0.06MB)
  - Content\MDL\Functions\mdl_OmniSurface_OmniImage_normal_mapping.uasset (0.01MB)
  - Content\MDL\Functions\mdl_OmniSurface_OmniImage_tangent_space_normal_lookup_2.uasset (0.05MB)
  - Content\MDL\Functions\mdl_OmniSurface_OmniImage_tangent_space_normal_roughness_lookup_2.uasset (0.02MB)
  - Content\MDL\Functions\mdl_OmniSurface_OmniImage_texture_alpha_channel_remap_2.uasset (0.01MB)
  - Content\MDL\Functions\mdl_OmniSurface_OmniImage_texture_lookup_2.uasset (0.03MB)
  - Content\MDL\Functions\mdl_OmniSurface_OmniShared_displacement_adjustment.uasset (0.02MB)
  - Content\MDL\Functions\mdl_OmniSurface_OmniShared_ior_preset_to_value.uasset (0.02MB)
  - Content\MDL\Functions\mdl_OmniSurface_OmniShared_melanin_concentration_preset_to_value.uasset (0.01MB)
  - Content\MDL\Functions\mdl_OmniSurface_OmniShared_scattering_colors_preset_to_value.uasset (0.02MB)
  - Content\MDL\Functions\mdl_base_blend_color_layers_1.uasset (0.02MB)
  - Content\MDL\Functions\mdl_base_coordinate_projection.uasset (0.07MB)
  - Content\MDL\Functions\mdl_base_coordinate_source.uasset (0.02MB)
  - Content\MDL\Functions\mdl_base_file_texture.uasset (0.05MB)
  - Content\MDL\Functions\mdl_base_rotation_translation_scale.uasset (0.04MB)
  - Content\MDL\Functions\mdl_base_tangent_space_normal_texture.uasset (0.05MB)
  - Content\MDL\Functions\mdl_base_texture_coordinate_info.uasset (0.01MB)
  - Content\MDL\Functions\mdl_base_transform_coordinate.uasset (0.04MB)
  - Content\MDL\Functions\mdl_df_anisotropic_vdf.uasset (0.01MB)
  - Content\MDL\Functions\mdl_df_chiang_hair_bsdf.uasset (0.02MB)
  - Content\MDL\Functions\mdl_df_diffuse_edf.uasset (0.00MB)
  - Content\MDL\Functions\mdl_df_fresnel_layer.uasset (0.01MB)
  - Content\MDL\Functions\mdl_df_microfacet_ggx_smith_bsdf.uasset (0.01MB)
  - Content\MDL\Functions\mdl_df_simple_glossy_bsdf.uasset (0.02MB)
  - Content\MDL\Functions\mdl_df_specular_bsdf.uasset (0.01MB)
  - Content\MDL\Functions\mdl_gltf_pbr_compute_opacity.uasset (0.01MB)
  - Content\MDL\Functions\mdl_gltf_pbr_convert_wrap_mode.uasset (0.01MB)
  - Content\MDL\Functions\mdl_gltf_pbr_gltf_normal_texture_lookup.uasset (0.03MB)
  - Content\MDL\Functions\mdl_gltf_pbr_gltf_prepare_normal.uasset (0.01MB)
  - Content\MDL\Functions\mdl_gltf_pbr_gltf_prepare_tex_float3.uasset (0.01MB)
  - Content\MDL\Functions\mdl_gltf_pbr_gltf_prepare_tex_float4.uasset (0.01MB)
  - Content\MDL\Functions\mdl_gltf_pbr_gltf_texture_lookup.uasset (0.02MB)
  - Content\MDL\Functions\mdl_gltf_pbr_khr_texture_transform_apply.uasset (0.02MB)
  - Content\MDL\Functions\mdl_math_average.uasset (0.01MB)
  - Content\MDL\Functions\mdl_math_cos_float.uasset (0.00MB)
  - Content\MDL\Functions\mdl_math_cos_float3.uasset (0.01MB)
  - Content\MDL\Functions\mdl_math_log_float3.uasset (0.01MB)
  - Content\MDL\Functions\mdl_math_luminance.uasset (0.00MB)
  - Content\MDL\Functions\mdl_math_max_value.uasset (0.01MB)
  - Content\MDL\Functions\mdl_math_max_value_float3.uasset (0.01MB)
  - Content\MDL\Functions\mdl_math_min_value.uasset (0.01MB)
  - Content\MDL\Functions\mdl_math_multiply_float4x4_float4.uasset (0.02MB)
  - Content\MDL\Functions\mdl_math_multiply_float4x4_float4x4.uasset (0.03MB)
  - Content\MDL\Functions\mdl_math_sin_float.uasset (0.00MB)
  - Content\MDL\Functions\mdl_math_sin_float3.uasset (0.01MB)
  - Content\MDL\Functions\mdl_nvidia_distilling_support_add_detail_normal_float3_float3.uasset (0.01MB)
  - Content\MDL\Functions\mdl_nvidia_distilling_support_average_float_color_float_color.uasset (0.01MB)
  - Content\MDL\Functions\mdl_nvidia_distilling_support_average_float_float_float_float.uasset (0.01MB)
  - Content\MDL\Functions\mdl_nvidia_distilling_support_combine_anisotropic_roughness_float_float.uasset (0.01MB)
  - Content\MDL\Functions\mdl_nvidia_distilling_support_combine_normals_float_float3_float_float3.uasset (0.01MB)
  - Content\MDL\Functions\mdl_nvidia_distilling_support_directional_coloring_color_color_float.uasset (0.01MB)
  - Content\MDL\Functions\mdl_nvidia_distilling_support_part_normalized_float_float_float.uasset (0.01MB)
  - Content\MDL\Functions\mdl_nvidia_distilling_support_refl_from_ior_float.uasset (0.01MB)
  - Content\MDL\Functions\mdl_nvidia_distilling_support_refl_from_ior_k_color_color.uasset (0.01MB)
  - Content\MDL\Functions\mdl_scene_data_lookup_float.uasset (0.01MB)
  - Content\MDL\Functions\mdl_scene_data_lookup_float4.uasset (0.01MB)
  - Content\MDL\Functions\mdl_state_animation_time.uasset (0.00MB)
  - Content\MDL\Functions\mdl_state_geometry_normal.uasset (0.00MB)
  - Content\MDL\Functions\mdl_state_geometry_normal_x.uasset (0.00MB)
  - Content\MDL\Functions\mdl_state_geometry_normal_y.uasset (0.00MB)
  - Content\MDL\Functions\mdl_state_geometry_normal_z.uasset (0.00MB)
  - Content\MDL\Functions\mdl_state_normal.uasset (0.00MB)
  - Content\MDL\Functions\mdl_state_position.uasset (0.00MB)
  - Content\MDL\Functions\mdl_state_texture_coordinate.uasset (0.01MB)
  - Content\MDL\Functions\mdl_state_texture_tangent_u.uasset (0.00MB)
  - Content\MDL\Functions\mdl_state_texture_tangent_u_x.uasset (0.00MB)
  - Content\MDL\Functions\mdl_state_texture_tangent_u_y.uasset (0.00MB)
  - Content\MDL\Functions\mdl_state_texture_tangent_u_z.uasset (0.00MB)
  - Content\MDL\Functions\mdl_state_texture_tangent_v.uasset (0.00MB)
  - Content\MDL\Functions\mdl_state_texture_tangent_v_x.uasset (0.00MB)
  - Content\MDL\Functions\mdl_state_texture_tangent_v_y.uasset (0.00MB)
  - Content\MDL\Functions\mdl_state_texture_tangent_v_z.uasset (0.00MB)
  - Content\MDL\Functions\mdl_state_transform_point.uasset (0.01MB)
  - Content\MDL\Functions\mdl_state_transform_vector.uasset (0.02MB)
  - Content\MDL\Functions\mdl_tex_lookup_color_2d.uasset (0.01MB)
  - Content\MDL\Functions\mdl_tex_lookup_float3_2d.uasset (0.01MB)
  - Content\MDL\Functions\mdl_tex_lookup_float4_2d.uasset (0.02MB)
  - Content\MDL\Functions\mdl_tex_texture_isvalid.uasset (0.01MB)
  - Content\MDL\Functions\mdlimporter_blend_colors.uasset (0.09MB)
  - Content\MDL\Functions\mdlimporter_calculate_hue.uasset (0.02MB)
  - Content\MDL\Functions\mdlimporter_calculate_saturation.uasset (0.01MB)
  - Content\MDL\Functions\mdlimporter_compute_cubic_transform.uasset (0.03MB)
  - Content\MDL\Functions\mdlimporter_compute_cylindric_transform.uasset (0.06MB)
  - Content\MDL\Functions\mdlimporter_compute_spheric_projection.uasset (0.02MB)
  - Content\MDL\Functions\mdlimporter_compute_spheric_transform.uasset (0.04MB)
  - Content\MDL\Functions\mdlimporter_compute_tangents.uasset (0.04MB)
  - Content\MDL\Functions\mdlimporter_compute_tangents_transformed.uasset (0.04MB)
  - Content\MDL\Functions\mdlimporter_hsv_to_rgb.uasset (0.02MB)
  - Content\MDL\Functions\mdlimporter_set_refraction.uasset (0.01MB)
  - Content\MDL\Functions\mdlimporter_texture2d_sample.uasset (0.03MB)
  - Content\MDL\Functions\mdlimporter_world_aligned_texture_float3.uasset (0.01MB)
  - Content\MDL\Functions\mdlimporter_world_aligned_texture_float4.uasset (0.02MB)
  - Content\MSPresets\MSTextures\Black.uasset (0.01MB)
  - Content\MSPresets\MSTextures\BlackPlaceholder.uasset (0.00MB)
  - Content\MSPresets\MSTextures\FlatNormal.uasset (0.00MB)
  - Content\MSPresets\MSTextures\Placeholder.uasset (0.00MB)
  - Content\MSPresets\MSTextures\Placeholder_Normal.uasset (0.00MB)
  - Content\MSPresets\MSTextures\White.uasset (0.01MB)
  - Content\MSPresets\MSTextures\WhitePlaceholder.uasset (0.00MB)
  - Content\MSPresets\MSVTTextures\BlackPlaceholder.uasset (0.00MB)
  - Content\MSPresets\MSVTTextures\DefaultDiffuse.uasset (2.04MB)
  - Content\MSPresets\MSVTTextures\Placeholder_Normal.uasset (0.00MB)
  - Content\MSPresets\MSVTTextures\WhitePlaceholder.uasset (0.00MB)
  - Content\MSPresets\M_MS_Billboard_Material\M_MS_Billboard_Material.uasset (0.12MB)
  - Content\MSPresets\M_MS_Decal_Material\MF_QuixelDecalPOM.uasset (0.17MB)
  - Content\MSPresets\M_MS_Decal_Material\M_MS_Decal_Material.uasset (0.04MB)
  - Content\MSPresets\M_MS_Decal_Material_VT\MF_QuixelDecalPOM.uasset (0.08MB)
  - Content\MSPresets\M_MS_Decal_Material_VT\M_MS_Decal_Material_VT.uasset (0.04MB)
  - Content\MSPresets\M_MS_Default_Fuzz_Material\Functions\MF_Fuzz.uasset (0.07MB)
  - Content\MSPresets\M_MS_Default_Fuzz_Material\Functions\MF_Tiling.uasset (0.05MB)
  - Content\MSPresets\M_MS_Default_Fuzz_Material\M_MS_Default_Fuzz_Material.uasset (0.09MB)
  - Content\MSPresets\M_MS_Default_Fuzz_Material_VT\Functions\MF_Fuzz.uasset (0.02MB)
  - Content\MSPresets\M_MS_Default_Fuzz_Material_VT\Functions\MF_Tiling.uasset (0.02MB)
  - Content\MSPresets\M_MS_Default_Fuzz_Material_VT\M_MS_Default_Fuzz_Material_VT.uasset (0.02MB)
  - Content\MSPresets\M_MS_Default_Material\Functions\MF_DetailNormalTiling.uasset (0.10MB)
  - Content\MSPresets\M_MS_Default_Material\Functions\MF_Displacement.uasset (0.11MB)
  - Content\MSPresets\M_MS_Default_Material\Functions\MF_Fuzz.uasset (0.10MB)
  - Content\MSPresets\M_MS_Default_Material\Functions\MF_MapAdjustments.uasset (0.13MB)
  - Content\MSPresets\M_MS_Default_Material\Functions\MF_ObjAdjustments.uasset (0.12MB)
  - Content\MSPresets\M_MS_Default_Material\Functions\MF_Tiling.uasset (0.10MB)
  - Content\MSPresets\M_MS_Default_Material\Functions\MF_Transmission.uasset (0.09MB)
  - Content\MSPresets\M_MS_Default_Material\M_MS_Default_Material.uasset (0.09MB)
  - Content\MSPresets\M_MS_Default_Material_VT\Functions\MF_DetailNormalTiling.uasset (0.02MB)
  - Content\MSPresets\M_MS_Default_Material_VT\Functions\MF_Displacement.uasset (0.02MB)
  - Content\MSPresets\M_MS_Default_Material_VT\Functions\MF_Fuzz.uasset (0.02MB)
  - Content\MSPresets\M_MS_Default_Material_VT\Functions\MF_MapAdjustments.uasset (0.04MB)
  - Content\MSPresets\M_MS_Default_Material_VT\Functions\MF_ObjAdjustments.uasset (0.03MB)
  - Content\MSPresets\M_MS_Default_Material_VT\Functions\MF_Tiling.uasset (0.02MB)
  - Content\MSPresets\M_MS_Default_Material_VT\Functions\MF_Transmission.uasset (0.02MB)
  - Content\MSPresets\M_MS_Default_Material_VT\M_MS_Default_Material_VT.uasset (0.02MB)
  - Content\MSPresets\M_MS_Default_Transmission_Material\Functions\MF_SSSObjAdjustments.uasset (0.10MB)
  - Content\MSPresets\M_MS_Default_Transmission_Material\M_MS_Default_Transmission_Material.uasset (0.09MB)
  - Content\MSPresets\M_MS_Default_Transmission_Material_VT\Functions\MF_SSSObjAdjustments.uasset (0.04MB)
  - Content\MSPresets\M_MS_Default_Transmission_Material_VT\M_MS_Default_Transmission_Material_VT.uasset (0.02MB)
  - Content\MSPresets\M_MS_Foliage_Material\Functions\MF_Translucency.uasset (0.01MB)
  - Content\MSPresets\M_MS_Foliage_Material\MF_Translucency.uasset (0.10MB)
  - Content\MSPresets\M_MS_Foliage_Material\M_MS_Foliage_Material.uasset (0.11MB)
  - Content\MSPresets\M_MS_Glass_Material\Functions\MF_FrameBlend.uasset (0.03MB)
  - Content\MSPresets\M_MS_Glass_Material\Functions\MF_FrameTextures.uasset (0.01MB)
  - Content\MSPresets\M_MS_Glass_Material\Functions\MF_Imperfection.uasset (0.02MB)
  - Content\MSPresets\M_MS_Glass_Material\Functions\MF_Refraction.uasset (0.08MB)
  - Content\MSPresets\M_MS_Glass_Material\Functions\MF_TranslucencyEmission.uasset (0.05MB)
  - Content\MSPresets\M_MS_Glass_Material\Functions\MF_TranslucencyMetallic.uasset (0.05MB)
  - Content\MSPresets\M_MS_Glass_Material\Functions\MF_WindowImperfection.uasset (0.02MB)
  - Content\MSPresets\M_MS_Glass_Material\Functions\MF_WindowNormalStrength.uasset (0.01MB)
  - Content\MSPresets\M_MS_Glass_Material\MI_MS_Glass_Material_Inst.uasset (0.01MB)
  - Content\MSPresets\M_MS_Glass_Material\M_MS_Glass_Material.uasset (0.02MB)
  - Content\MSPresets\M_MS_Glass_Material\Textures\Black.uasset (0.01MB)
  - Content\MSPresets\M_MS_Glass_Material\Textures\FlatNormal.uasset (0.00MB)
  - Content\MSPresets\M_MS_Glass_Material\Textures\White.uasset (0.01MB)
  - Content\MSPresets\M_MS_ImperfectionDecal_Material\M_MS_ImperfectionDecal_Material.uasset (0.03MB)
  - Content\MSPresets\M_MS_ImperfectionDecal_Material_VT\M_MS_ImperfectionDecal_Material_VT.uasset (0.03MB)
  - Content\MSPresets\M_MS_Imperfection_Material\M_MS_Imperfection_Material.uasset (0.10MB)
  - Content\MSPresets\M_MS_Imperfection_Material\M_MS_Imperfection_Material_Var.uasset (0.14MB)
  - Content\MSPresets\M_MS_Imperfection_Material_VT\M_MS_Imperfection_Material_VT.uasset (0.03MB)
  - Content\MSPresets\M_MS_Imperfection_Material_VT\M_MS_Imperfection_Material_Var_VT.uasset (0.02MB)
  - Content\MSPresets\M_MS_Imperfection_Material_Var\M_MS_Imperfection_Material_Var.uasset (0.14MB)
  - Content\MSPresets\M_MS_SurfaceBlend_Material\LayerFunctions\Base\MF_BaseLayerAdjustments.uasset (0.08MB)
  - Content\MSPresets\M_MS_SurfaceBlend_Material\LayerFunctions\Base\MF_BaseLayerTessellation.uasset (0.08MB)
  - Content\MSPresets\M_MS_SurfaceBlend_Material\LayerFunctions\Base\MF_BaseLayerTextures.uasset (0.09MB)
  - Content\MSPresets\M_MS_SurfaceBlend_Material\LayerFunctions\MF_BlendScatter.uasset (0.09MB)
  - Content\MSPresets\M_MS_SurfaceBlend_Material\LayerFunctions\MF_Displacement.uasset (0.07MB)
  - Content\MSPresets\M_MS_SurfaceBlend_Material\LayerFunctions\MF_DisplacementBlend.uasset (0.09MB)
  - Content\MSPresets\M_MS_SurfaceBlend_Material\LayerFunctions\MF_MaterialBlend.uasset (0.09MB)
  - Content\MSPresets\M_MS_SurfaceBlend_Material\LayerFunctions\MF_NormalCorrection.uasset (0.07MB)
  - Content\MSPresets\M_MS_SurfaceBlend_Material\LayerFunctions\MF_ScatterLayer.uasset (0.06MB)
  - Content\MSPresets\M_MS_SurfaceBlend_Material\LayerFunctions\Middle\MF_MiddleLayerAdjustments.uasset (0.08MB)
  - Content\MSPresets\M_MS_SurfaceBlend_Material\LayerFunctions\Middle\MF_MiddleLayerTessellation.uasset (0.08MB)
  - Content\MSPresets\M_MS_SurfaceBlend_Material\LayerFunctions\Middle\MF_MiddleLayerTextures.uasset (0.09MB)
  - Content\MSPresets\M_MS_SurfaceBlend_Material\LayerFunctions\Puddle\MF_PuddleLayer.uasset (0.13MB)
  - Content\MSPresets\M_MS_SurfaceBlend_Material\LayerFunctions\Top\MF_TopLayerAdjustments.uasset (0.08MB)
  - Content\MSPresets\M_MS_SurfaceBlend_Material\LayerFunctions\Top\MF_TopLayerTessellation.uasset (0.08MB)
  - Content\MSPresets\M_MS_SurfaceBlend_Material\LayerFunctions\Top\MF_TopLayerTextures.uasset (0.09MB)
  - Content\MSPresets\M_MS_SurfaceBlend_Material\M_MS_SurfaceBlend_Material.uasset (0.15MB)
  - Content\MSPresets\M_MS_Surface_Material\Functions\MF_Displacement.uasset (0.07MB)
  - Content\MSPresets\M_MS_Surface_Material\Functions\MF_MapAdjustments.uasset (0.13MB)
  - Content\MSPresets\M_MS_Surface_Material\Functions\MF_ObjAdjustments.uasset (0.08MB)
  - Content\MSPresets\M_MS_Surface_Material\Functions\MF_Tiling.uasset (0.05MB)
  - Content\MSPresets\M_MS_Surface_Material\Functions\MF_Transmission.uasset (0.07MB)
  - Content\MSPresets\M_MS_Surface_Material\M_MS_Surface_Material.uasset (0.09MB)
  - Content\MSPresets\M_MS_Surface_Material_VT\Functions\MF_Displacement.uasset (0.02MB)
  - Content\MSPresets\M_MS_Surface_Material_VT\Functions\MF_MapAdjustments.uasset (0.04MB)
  - Content\MSPresets\M_MS_Surface_Material_VT\Functions\MF_ObjAdjustments.uasset (0.04MB)
  - Content\MSPresets\M_MS_Surface_Material_VT\Functions\MF_Tiling.uasset (0.02MB)
  - Content\MSPresets\M_MS_Surface_Material_VT\Functions\MF_Transmission.uasset (0.02MB)
  - Content\MSPresets\M_MS_Surface_Material_VT\M_MS_Surface_Material_VT.uasset (0.02MB)
  - Content\Megascans\3D_Assets\Donut_vcckafl\MI_Donut_vcckafl_2K.uasset (0.00MB)
  - Content\Megascans\3D_Assets\Donut_vcckafl\S_Donut_vcckafl_lod3_Var1.uasset (0.04MB)

Chunk #27 (1 files, 21.26MB):
  - Content\Megascans\3D_Assets\Donut_vcckafl\T_Donut_vcckafl_2K_D.uasset (21.26MB)

Chunk #28 (5 files, 24.47MB):
  - Content\Megascans\3D_Assets\Donut_vcckafl\T_Donut_vcckafl_2K_DpR.uasset (10.96MB)
  - Content\Megascans\3D_Assets\Donut_vcckafl\T_Donut_vcckafl_2K_N.uasset (13.24MB)
  - Content\Megascans\3D_Assets\Modular_Marble_Railing_Kit_wk5odbadw\MI_Modular_Marble_Railing_Kit_wk5odbadw_2K.uasset (0.00MB)
  - Content\Megascans\3D_Assets\Modular_Marble_Railing_Kit_wk5odbadw\S_Modular_Marble_Railing_Kit_wk5odbadw_lod3_Var1.uasset (0.18MB)
  - Content\Megascans\3D_Assets\Modular_Marble_Railing_Kit_wk5odbadw\S_Modular_Marble_Railing_Kit_wk5odbadw_lod3_Var2.uasset (0.08MB)

Chunk #29 (1 files, 13.27MB):
  - Content\Megascans\3D_Assets\Modular_Marble_Railing_Kit_wk5odbadw\T_ModularMarbleRailingKit_wk5odbadw_2K_DpR.uasset (13.27MB)

Chunk #30 (1 files, 22.37MB):
  - Content\Megascans\3D_Assets\Modular_Marble_Railing_Kit_wk5odbadw\T_Modular_Marble_Railing_Kit_wk5odbadw_2K_D.uasset (22.37MB)

Chunk #31 (2 files, 18.16MB):
  - Content\Megascans\3D_Assets\Modular_Marble_Railing_Kit_wk5odbadw\T_Modular_Marble_Railing_Kit_wk5odbadw_2K_N.uasset (18.16MB)
  - Content\Megascans\Surfaces\Stone_Tiles_Facade_umrnchpfw\MI_Stone_Tiles_Facade_umrnchpfw_2K.uasset (0.00MB)

Chunk #32 (1 files, 9.83MB):
  - Content\Megascans\Surfaces\Stone_Tiles_Facade_umrnchpfw\T_StoneTilesFacade_umrnchpfw_2K_ORDp.uasset (9.83MB)

Chunk #33 (1 files, 22.26MB):
  - Content\Megascans\Surfaces\Stone_Tiles_Facade_umrnchpfw\T_Stone_Tiles_Facade_umrnchpfw_2K_D.uasset (22.26MB)

Chunk #34 (1 files, 11.70MB):
  - Content\Megascans\Surfaces\Stone_Tiles_Facade_umrnchpfw\T_Stone_Tiles_Facade_umrnchpfw_2K_N.uasset (11.70MB)

Chunk #35 (2 files, 20.72MB):
  - Content\MetaHumans\Common\Common\MetaHuman_ControlRig.uasset (18.57MB)
  - Content\MetaHumans\Common\Common\metahuman_proc_ControlRig.uasset (2.15MB)

Chunk #36 (3 files, 17.82MB):
  - Content\MetaHumans\Common\Face\Face_ControlBoard_CtrlRig.uasset (12.74MB)
  - Content\MetaHumans\Common\Face\HeadMovementIK_Proc_CtrlRig.uasset (1.92MB)
  - Content\MetaHumans\Common\Face\Neck_CtrlRig.uasset (3.16MB)

Chunk #37 (31 files, 23.18MB):
  - Content\MetaHumans\Common\Face\simple_face_CtrlRig.uasset (19.24MB)
  - Content\MetaHumans\Common\VersionInfo.txt (0.00MB)
  - Content\MetaHumans\Oskar\VersionInfo.txt (0.00MB)
  - Content\StarterContent\Architecture\Floor_400x400.uasset (0.01MB)
  - Content\StarterContent\Architecture\Pillar_50x500.uasset (0.02MB)
  - Content\StarterContent\Architecture\SM_AssetPlatform.uasset (0.15MB)
  - Content\StarterContent\Architecture\Wall_400x200.uasset (0.01MB)
  - Content\StarterContent\Architecture\Wall_400x300.uasset (0.01MB)
  - Content\StarterContent\Architecture\Wall_400x400.uasset (0.01MB)
  - Content\StarterContent\Architecture\Wall_500x500.uasset (0.02MB)
  - Content\StarterContent\Architecture\Wall_Door_400x300.uasset (0.02MB)
  - Content\StarterContent\Architecture\Wall_Door_400x400.uasset (0.02MB)
  - Content\StarterContent\Architecture\Wall_Window_400x300.uasset (0.02MB)
  - Content\StarterContent\Architecture\Wall_Window_400x400.uasset (0.02MB)
  - Content\StarterContent\Audio\Collapse01.uasset (0.34MB)
  - Content\StarterContent\Audio\Collapse02.uasset (0.33MB)
  - Content\StarterContent\Audio\Collapse_Cue.uasset (0.01MB)
  - Content\StarterContent\Audio\Explosion01.uasset (0.27MB)
  - Content\StarterContent\Audio\Explosion02.uasset (0.28MB)
  - Content\StarterContent\Audio\Explosion_Cue.uasset (0.01MB)
  - Content\StarterContent\Audio\Fire01.uasset (0.52MB)
  - Content\StarterContent\Audio\Fire01_Cue.uasset (0.00MB)
  - Content\StarterContent\Audio\Fire_Sparks01.uasset (0.76MB)
  - Content\StarterContent\Audio\Fire_Sparks01_Cue.uasset (0.00MB)
  - Content\StarterContent\Audio\Light01.uasset (0.35MB)
  - Content\StarterContent\Audio\Light01_Cue.uasset (0.00MB)
  - Content\StarterContent\Audio\Light02.uasset (0.29MB)
  - Content\StarterContent\Audio\Light02_Cue.uasset (0.00MB)
  - Content\StarterContent\Audio\Smoke01.uasset (0.45MB)
  - Content\StarterContent\Audio\Smoke01_Cue.uasset (0.00MB)
  - Content\StarterContent\Audio\Starter_Background_Cue.uasset (0.01MB)

Chunk #38 (26 files, 20.65MB):
  - Content\StarterContent\Audio\Starter_Birds01.uasset (2.56MB)
  - Content\StarterContent\Audio\Starter_Music01.uasset (8.05MB)
  - Content\StarterContent\Audio\Starter_Music_Cue.uasset (0.00MB)
  - Content\StarterContent\Audio\Starter_Wind05.uasset (2.21MB)
  - Content\StarterContent\Audio\Starter_Wind06.uasset (2.09MB)
  - Content\StarterContent\Audio\Steam01.uasset (0.78MB)
  - Content\StarterContent\Audio\Steam01_Cue.uasset (0.00MB)
  - Content\StarterContent\Audio\jump.uasset (0.04MB)
  - Content\StarterContent\Audio\run.uasset (3.44MB)
  - Content\StarterContent\Audio\run_short.uasset (0.04MB)
  - Content\StarterContent\Blueprints\Assets\FogBrightnessLUT.uasset (0.00MB)
  - Content\StarterContent\Blueprints\Assets\M_LightStage_Arrows.uasset (0.01MB)
  - Content\StarterContent\Blueprints\Assets\M_LightStage_Skybox_Black.uasset (0.01MB)
  - Content\StarterContent\Blueprints\Assets\M_LightStage_Skybox_HDRI.uasset (0.01MB)
  - Content\StarterContent\Blueprints\Assets\M_LightStage_Skybox_Master.uasset (0.02MB)
  - Content\StarterContent\Blueprints\Assets\SM_Arrows.uasset (0.18MB)
  - Content\StarterContent\Blueprints\Assets\Skybox.uasset (0.20MB)
  - Content\StarterContent\Blueprints\Assets\SunlightColorLUT.uasset (0.00MB)
  - Content\StarterContent\Blueprints\BP_LightStudio.uasset (0.62MB)
  - Content\StarterContent\Blueprints\Blueprint_CeilingLight.uasset (0.15MB)
  - Content\StarterContent\Blueprints\Blueprint_Effect_Explosion.uasset (0.02MB)
  - Content\StarterContent\Blueprints\Blueprint_Effect_Fire.uasset (0.02MB)
  - Content\StarterContent\Blueprints\Blueprint_Effect_Smoke.uasset (0.02MB)
  - Content\StarterContent\Blueprints\Blueprint_Effect_Sparks.uasset (0.01MB)
  - Content\StarterContent\Blueprints\Blueprint_Effect_Steam.uasset (0.02MB)
  - Content\StarterContent\Blueprints\Blueprint_WallSconce.uasset (0.15MB)

Chunk #39 (1 files, 25.00MB):
  - Content\StarterContent\HDRI\HDRI_Epic_Courtyard_Daylight_part000.uasset (25.00MB)

Chunk #40 (1 files, 25.00MB):
  - Content\StarterContent\HDRI\HDRI_Epic_Courtyard_Daylight_part001.uasset (25.00MB)

Chunk #41 (110 files, 23.83MB):
  - Content\StarterContent\HDRI\HDRI_Epic_Courtyard_Daylight_part002.uasset (19.01MB)
  - Content\StarterContent\Maps\Advanced_Lighting.umap (0.04MB)
  - Content\StarterContent\Maps\Minimal_Default.umap (0.05MB)
  - Content\StarterContent\Maps\StarterMap.umap (0.38MB)
  - Content\StarterContent\Materials\M_AssetPlatform.uasset (0.01MB)
  - Content\StarterContent\Materials\M_Basic_Floor.uasset (0.01MB)
  - Content\StarterContent\Materials\M_Basic_Wall.uasset (0.01MB)
  - Content\StarterContent\Materials\M_Brick_Clay_Beveled.uasset (0.02MB)
  - Content\StarterContent\Materials\M_Brick_Clay_New.uasset (0.03MB)
  - Content\StarterContent\Materials\M_Brick_Clay_Old.uasset (0.03MB)
  - Content\StarterContent\Materials\M_Brick_Cut_Stone.uasset (0.03MB)
  - Content\StarterContent\Materials\M_Brick_Hewn_Stone.uasset (0.03MB)
  - Content\StarterContent\Materials\M_Ceramic_Tile_Checker.uasset (0.03MB)
  - Content\StarterContent\Materials\M_CobbleStone_Pebble.uasset (0.02MB)
  - Content\StarterContent\Materials\M_CobbleStone_Rough.uasset (0.10MB)
  - Content\StarterContent\Materials\M_CobbleStone_Smooth.uasset (0.11MB)
  - Content\StarterContent\Materials\M_ColorGrid_LowSpec.uasset (0.01MB)
  - Content\StarterContent\Materials\M_Concrete_Grime.uasset (0.03MB)
  - Content\StarterContent\Materials\M_Concrete_Panels.uasset (0.03MB)
  - Content\StarterContent\Materials\M_Concrete_Poured.uasset (0.03MB)
  - Content\StarterContent\Materials\M_Concrete_Tiles.uasset (0.03MB)
  - Content\StarterContent\Materials\M_Glass.uasset (0.01MB)
  - Content\StarterContent\Materials\M_Ground_Grass.uasset (0.04MB)
  - Content\StarterContent\Materials\M_Ground_Gravel.uasset (0.03MB)
  - Content\StarterContent\Materials\M_Ground_Moss.uasset (0.04MB)
  - Content\StarterContent\Materials\M_Metal_Brushed_Nickel.uasset (0.02MB)
  - Content\StarterContent\Materials\M_Metal_Burnished_Steel.uasset (0.02MB)
  - Content\StarterContent\Materials\M_Metal_Chrome.uasset (0.02MB)
  - Content\StarterContent\Materials\M_Metal_Copper.uasset (0.02MB)
  - Content\StarterContent\Materials\M_Metal_Gold.uasset (0.02MB)
  - Content\StarterContent\Materials\M_Metal_Rust.uasset (0.02MB)
  - Content\StarterContent\Materials\M_Metal_Steel.uasset (0.02MB)
  - Content\StarterContent\Materials\M_Rock_Basalt.uasset (0.04MB)
  - Content\StarterContent\Materials\M_Rock_Marble_Polished.uasset (0.03MB)
  - Content\StarterContent\Materials\M_Rock_Sandstone.uasset (0.03MB)
  - Content\StarterContent\Materials\M_Rock_Slate.uasset (0.04MB)
  - Content\StarterContent\Materials\M_Tech_Checker_Dot.uasset (0.03MB)
  - Content\StarterContent\Materials\M_Tech_Hex_Tile.uasset (0.03MB)
  - Content\StarterContent\Materials\M_Tech_Hex_Tile_Pulse.uasset (0.02MB)
  - Content\StarterContent\Materials\M_Tech_Panel.uasset (0.02MB)
  - Content\StarterContent\Materials\M_Water_Lake.uasset (0.03MB)
  - Content\StarterContent\Materials\M_Water_Ocean.uasset (0.03MB)
  - Content\StarterContent\Materials\M_Wood_Floor_Walnut_Polished.uasset (0.02MB)
  - Content\StarterContent\Materials\M_Wood_Floor_Walnut_Worn.uasset (0.02MB)
  - Content\StarterContent\Materials\M_Wood_Oak.uasset (0.02MB)
  - Content\StarterContent\Materials\M_Wood_Pine.uasset (0.03MB)
  - Content\StarterContent\Materials\M_Wood_Walnut.uasset (0.02MB)
  - Content\StarterContent\Particles\Materials\M_Burst.uasset (0.01MB)
  - Content\StarterContent\Particles\Materials\M_Dust_Particle.uasset (0.01MB)
  - Content\StarterContent\Particles\Materials\M_Fire_SubUV.uasset (0.02MB)
  - Content\StarterContent\Particles\Materials\M_Heat_Distortion.uasset (0.01MB)
  - Content\StarterContent\Particles\Materials\M_Radial_Gradient.uasset (0.01MB)
  - Content\StarterContent\Particles\Materials\M_Spark.uasset (0.01MB)
  - Content\StarterContent\Particles\Materials\M_explosion_subUV.uasset (0.01MB)
  - Content\StarterContent\Particles\Materials\M_radial_ramp.uasset (0.01MB)
  - Content\StarterContent\Particles\Materials\M_smoke_subUV.uasset (0.02MB)
  - Content\StarterContent\Particles\Materials\m_flare_01.uasset (0.01MB)
  - Content\StarterContent\Particles\P_Ambient_Dust.uasset (0.04MB)
  - Content\StarterContent\Particles\P_Explosion.uasset (0.27MB)
  - Content\StarterContent\Particles\P_Fire.uasset (0.25MB)
  - Content\StarterContent\Particles\P_Smoke.uasset (0.06MB)
  - Content\StarterContent\Particles\P_Sparks.uasset (0.16MB)
  - Content\StarterContent\Particles\P_Steam_Lit.uasset (0.11MB)
  - Content\StarterContent\Props\MaterialSphere.uasset (0.05MB)
  - Content\StarterContent\Props\Materials\M_Bush.uasset (0.02MB)
  - Content\StarterContent\Props\Materials\M_Chair.uasset (0.02MB)
  - Content\StarterContent\Props\Materials\M_Door.uasset (0.02MB)
  - Content\StarterContent\Props\Materials\M_Frame.uasset (0.01MB)
  - Content\StarterContent\Props\Materials\M_Lamp.uasset (0.02MB)
  - Content\StarterContent\Props\Materials\M_Rock.uasset (0.02MB)
  - Content\StarterContent\Props\Materials\M_Shelf.uasset (0.01MB)
  - Content\StarterContent\Props\Materials\M_Statue.uasset (0.02MB)
  - Content\StarterContent\Props\Materials\M_StatueGlass.uasset (0.02MB)
  - Content\StarterContent\Props\Materials\M_TableRound.uasset (0.02MB)
  - Content\StarterContent\Props\SM_Bush.uasset (0.06MB)
  - Content\StarterContent\Props\SM_Chair.uasset (0.09MB)
  - Content\StarterContent\Props\SM_CornerFrame.uasset (0.04MB)
  - Content\StarterContent\Props\SM_Couch.uasset (0.10MB)
  - Content\StarterContent\Props\SM_Door.uasset (0.06MB)
  - Content\StarterContent\Props\SM_DoorFrame.uasset (0.02MB)
  - Content\StarterContent\Props\SM_GlassWindow.uasset (0.03MB)
  - Content\StarterContent\Props\SM_Lamp_Ceiling.uasset (0.11MB)
  - Content\StarterContent\Props\SM_Lamp_Wall.uasset (0.06MB)
  - Content\StarterContent\Props\SM_PillarFrame.uasset (0.04MB)
  - Content\StarterContent\Props\SM_PillarFrame300.uasset (0.04MB)
  - Content\StarterContent\Props\SM_Rock.uasset (0.07MB)
  - Content\StarterContent\Props\SM_Shelf.uasset (0.04MB)
  - Content\StarterContent\Props\SM_Stairs.uasset (0.03MB)
  - Content\StarterContent\Props\SM_Statue.uasset (0.18MB)
  - Content\StarterContent\Props\SM_TableRound.uasset (0.23MB)
  - Content\StarterContent\Props\SM_WindowFrame.uasset (0.02MB)
  - Content\StarterContent\Shapes\Shape_Cone.uasset (0.03MB)
  - Content\StarterContent\Shapes\Shape_Cube.uasset (0.02MB)
  - Content\StarterContent\Shapes\Shape_Cylinder.uasset (0.03MB)
  - Content\StarterContent\Shapes\Shape_NarrowCapsule.uasset (0.05MB)
  - Content\StarterContent\Shapes\Shape_Pipe.uasset (0.03MB)
  - Content\StarterContent\Shapes\Shape_Pipe_180.uasset (0.08MB)
  - Content\StarterContent\Shapes\Shape_Pipe_90.uasset (0.06MB)
  - Content\StarterContent\Shapes\Shape_Plane.uasset (0.02MB)
  - Content\StarterContent\Shapes\Shape_QuadPyramid.uasset (0.02MB)
  - Content\StarterContent\Shapes\Shape_Sphere.uasset (0.04MB)
  - Content\StarterContent\Shapes\Shape_Torus.uasset (0.07MB)
  - Content\StarterContent\Shapes\Shape_TriPyramid.uasset (0.02MB)
  - Content\StarterContent\Shapes\Shape_Trim.uasset (0.02MB)
  - Content\StarterContent\Shapes\Shape_Trim_90_In.uasset (0.03MB)
  - Content\StarterContent\Shapes\Shape_Trim_90_Out.uasset (0.03MB)
  - Content\StarterContent\Shapes\Shape_Tube.uasset (0.04MB)
  - Content\StarterContent\Shapes\Shape_Wedge_A.uasset (0.02MB)
  - Content\StarterContent\Shapes\Shape_Wedge_B.uasset (0.02MB)
  - Content\StarterContent\Shapes\Shape_WideCapsule.uasset (0.04MB)

Chunk #42 (3 files, 22.33MB):
  - Content\StarterContent\Textures\T_Brick_Clay_Beveled_D.uasset (7.24MB)
  - Content\StarterContent\Textures\T_Brick_Clay_Beveled_M.uasset (7.91MB)
  - Content\StarterContent\Textures\T_Brick_Clay_Beveled_N.uasset (7.18MB)

Chunk #43 (3 files, 21.86MB):
  - Content\StarterContent\Textures\T_Brick_Clay_New_D.uasset (5.72MB)
  - Content\StarterContent\Textures\T_Brick_Clay_New_M.uasset (8.71MB)
  - Content\StarterContent\Textures\T_Brick_Clay_New_N.uasset (7.44MB)

Chunk #44 (2 files, 18.25MB):
  - Content\StarterContent\Textures\T_Brick_Clay_Old_D.uasset (10.85MB)
  - Content\StarterContent\Textures\T_Brick_Clay_Old_N.uasset (7.40MB)

Chunk #45 (2 files, 19.02MB):
  - Content\StarterContent\Textures\T_Brick_Cut_Stone_D.uasset (12.69MB)
  - Content\StarterContent\Textures\T_Brick_Cut_Stone_N.uasset (6.34MB)

Chunk #46 (9 files, 23.94MB):
  - Content\StarterContent\Textures\T_Brick_Hewn_Stone_D.uasset (7.04MB)
  - Content\StarterContent\Textures\T_Brick_Hewn_Stone_M.uasset (6.46MB)
  - Content\StarterContent\Textures\T_Brick_Hewn_Stone_N.uasset (8.53MB)
  - Content\StarterContent\Textures\T_Burst_M.uasset (0.12MB)
  - Content\StarterContent\Textures\T_Bush_D.uasset (0.46MB)
  - Content\StarterContent\Textures\T_Bush_N.uasset (0.34MB)
  - Content\StarterContent\Textures\T_Ceramic_Tile_M.uasset (0.26MB)
  - Content\StarterContent\Textures\T_Ceramic_Tile_N.uasset (0.22MB)
  - Content\StarterContent\Textures\T_Chair_M.uasset (0.51MB)

Chunk #47 (4 files, 14.36MB):
  - Content\StarterContent\Textures\T_Chair_N.uasset (1.83MB)
  - Content\StarterContent\Textures\T_Checker_Noise_M.uasset (0.13MB)
  - Content\StarterContent\Textures\T_CobbleStone_Pebble_D.uasset (11.19MB)
  - Content\StarterContent\Textures\T_CobbleStone_Pebble_M.uasset (1.22MB)

Chunk #48 (4 files, 22.73MB):
  - Content\StarterContent\Textures\T_CobbleStone_Pebble_N.uasset (11.24MB)
  - Content\StarterContent\Textures\T_CobbleStone_Rough_D.uasset (2.75MB)
  - Content\StarterContent\Textures\T_CobbleStone_Rough_N.uasset (2.50MB)
  - Content\StarterContent\Textures\T_CobbleStone_Smooth_D.uasset (6.23MB)

Chunk #49 (3 files, 23.99MB):
  - Content\StarterContent\Textures\T_CobbleStone_Smooth_M.uasset (5.44MB)
  - Content\StarterContent\Textures\T_CobbleStone_Smooth_N.uasset (8.39MB)
  - Content\StarterContent\Textures\T_Concrete_Grime_D.uasset (10.16MB)

Chunk #50 (2 files, 14.29MB):
  - Content\StarterContent\Textures\T_Concrete_Panels_D.uasset (8.05MB)
  - Content\StarterContent\Textures\T_Concrete_Panels_N.uasset (6.24MB)

Chunk #51 (3 files, 22.84MB):
  - Content\StarterContent\Textures\T_Concrete_Poured_D.uasset (11.05MB)
  - Content\StarterContent\Textures\T_Concrete_Poured_N.uasset (7.09MB)
  - Content\StarterContent\Textures\T_Concrete_Tiles_D.uasset (4.70MB)

Chunk #52 (13 files, 21.50MB):
  - Content\StarterContent\Textures\T_Concrete_Tiles_M.uasset (5.47MB)
  - Content\StarterContent\Textures\T_Concrete_Tiles_N.uasset (6.30MB)
  - Content\StarterContent\Textures\T_Concrete_Tiles_Variation_M.uasset (0.01MB)
  - Content\StarterContent\Textures\T_Detail_Rocky_N.uasset (2.67MB)
  - Content\StarterContent\Textures\T_Door_M.uasset (0.53MB)
  - Content\StarterContent\Textures\T_Door_N.uasset (1.02MB)
  - Content\StarterContent\Textures\T_Dust_Particle_D.uasset (0.02MB)
  - Content\StarterContent\Textures\T_Explosion_SubUV.uasset (2.82MB)
  - Content\StarterContent\Textures\T_Fire_SubUV.uasset (0.47MB)
  - Content\StarterContent\Textures\T_Fire_Tiled_D.uasset (0.48MB)
  - Content\StarterContent\Textures\T_Frame_M.uasset (0.51MB)
  - Content\StarterContent\Textures\T_Frame_N.uasset (1.19MB)
  - Content\StarterContent\Textures\T_Gradinet_01.uasset (0.01MB)

Chunk #53 (2 files, 22.46MB):
  - Content\StarterContent\Textures\T_Ground_Grass_D.uasset (11.41MB)
  - Content\StarterContent\Textures\T_Ground_Grass_N.uasset (11.06MB)

Chunk #54 (2 files, 17.14MB):
  - Content\StarterContent\Textures\T_Ground_Gravel_D.uasset (10.12MB)
  - Content\StarterContent\Textures\T_Ground_Gravel_N.uasset (7.03MB)

Chunk #55 (4 files, 20.88MB):
  - Content\StarterContent\Textures\T_Ground_Moss_N.uasset (7.95MB)
  - Content\StarterContent\Textures\T_Lamp_M.uasset (0.72MB)
  - Content\StarterContent\Textures\T_Lamp_N.uasset (1.96MB)
  - Content\StarterContent\Textures\T_MacroVariation.uasset (10.25MB)

Chunk #56 (2 files, 17.63MB):
  - Content\StarterContent\Textures\T_Metal_Aluminum_D.uasset (9.23MB)
  - Content\StarterContent\Textures\T_Metal_Copper_D.uasset (8.40MB)

Chunk #57 (3 files, 19.92MB):
  - Content\StarterContent\Textures\T_Metal_Gold_D.uasset (8.38MB)
  - Content\StarterContent\Textures\T_Metal_Gold_N.uasset (2.68MB)
  - Content\StarterContent\Textures\T_Metal_Rust_D.uasset (8.86MB)

Chunk #58 (4 files, 22.69MB):
  - Content\StarterContent\Textures\T_Metal_Rust_N.uasset (7.13MB)
  - Content\StarterContent\Textures\T_Metal_Steel_D.uasset (3.41MB)
  - Content\StarterContent\Textures\T_Metal_Steel_N.uasset (4.68MB)
  - Content\StarterContent\Textures\T_Perlin_Noise_M.uasset (7.47MB)

Chunk #59 (4 files, 23.96MB):
  - Content\StarterContent\Textures\T_RockMesh_M.uasset (2.56MB)
  - Content\StarterContent\Textures\T_RockMesh_N.uasset (5.09MB)
  - Content\StarterContent\Textures\T_Rock_Basalt_D.uasset (8.87MB)
  - Content\StarterContent\Textures\T_Rock_Basalt_N.uasset (7.44MB)

Chunk #60 (3 files, 21.77MB):
  - Content\StarterContent\Textures\T_Rock_Marble_Polished_D.uasset (5.04MB)
  - Content\StarterContent\Textures\T_Rock_Sandstone_D.uasset (8.75MB)
  - Content\StarterContent\Textures\T_Rock_Sandstone_N.uasset (7.98MB)

Chunk #61 (2 files, 20.86MB):
  - Content\StarterContent\Textures\T_Rock_Slate_D.uasset (11.70MB)
  - Content\StarterContent\Textures\T_Rock_Slate_N.uasset (9.16MB)

Chunk #62 (19 files, 24.14MB):
  - Content\StarterContent\Textures\T_Rock_Smooth_Granite_D.uasset (8.38MB)
  - Content\StarterContent\Textures\T_Shelf_M.uasset (0.62MB)
  - Content\StarterContent\Textures\T_Shelf_N.uasset (1.56MB)
  - Content\StarterContent\Textures\T_Single_Tile_N.uasset (0.01MB)
  - Content\StarterContent\Textures\T_Smoke_SubUV.uasset (2.47MB)
  - Content\StarterContent\Textures\T_Smoke_Tiled_D.uasset (0.05MB)
  - Content\StarterContent\Textures\T_Spark_Core.uasset (0.13MB)
  - Content\StarterContent\Textures\T_Statue_M.uasset (0.52MB)
  - Content\StarterContent\Textures\T_Statue_N.uasset (0.48MB)
  - Content\StarterContent\Textures\T_TableRound_M.uasset (0.81MB)
  - Content\StarterContent\Textures\T_TableRound_N.uasset (1.47MB)
  - Content\StarterContent\Textures\T_Tech_Dot_M.uasset (0.08MB)
  - Content\StarterContent\Textures\T_Tech_Dot_N.uasset (0.17MB)
  - Content\StarterContent\Textures\T_Tech_Hex_Tile_M.uasset (0.73MB)
  - Content\StarterContent\Textures\T_Tech_Hex_Tile_N.uasset (0.44MB)
  - Content\StarterContent\Textures\T_Tech_Panel_M.uasset (0.91MB)
  - Content\StarterContent\Textures\T_Tech_Panel_N.uasset (1.77MB)
  - Content\StarterContent\Textures\T_Water_M.uasset (1.57MB)
  - Content\StarterContent\Textures\T_Water_N.uasset (1.97MB)

Chunk #63 (5 files, 23.13MB):
  - Content\StarterContent\Textures\T_Wood_Floor_Walnut_D.uasset (4.34MB)
  - Content\StarterContent\Textures\T_Wood_Floor_Walnut_M.uasset (3.74MB)
  - Content\StarterContent\Textures\T_Wood_Floor_Walnut_N.uasset (2.73MB)
  - Content\StarterContent\Textures\T_Wood_Oak_D.uasset (6.37MB)
  - Content\StarterContent\Textures\T_Wood_Oak_N.uasset (5.95MB)

Chunk #64 (4 files, 22.51MB):
  - Content\StarterContent\Textures\T_Wood_Pine_D.uasset (9.37MB)
  - Content\StarterContent\Textures\T_Wood_Pine_N.uasset (3.30MB)
  - Content\StarterContent\Textures\T_Wood_Walnut_D.uasset (6.19MB)
  - Content\StarterContent\Textures\T_Wood_Walnut_N.uasset (3.66MB)

Chunk #65 (109 files, 24.93MB):
  - Content\StarterContent\Textures\T_ground_Moss_D.uasset (12.38MB)
  - Content\ThirdPerson\Animations\Dodge_Small_Forward_Roll.uasset (0.38MB)
  - Content\ThirdPerson\Animations\Dodge_Small_Forward_Roll_Montage.uasset (0.01MB)
  - Content\ThirdPerson\Animations\HitOnSideOfBody.uasset (0.72MB)
  - Content\ThirdPerson\Animations\HitOnSideOfBody_Montage.uasset (0.01MB)
  - Content\ThirdPerson\Animations\NewFolder\BigJump.uasset (0.63MB)
  - Content\ThirdPerson\Animations\NewFolder\BigJump_Montage.uasset (0.01MB)
  - Content\ThirdPerson\Animations\NewFolder\JumpOver.uasset (0.63MB)
  - Content\ThirdPerson\Animations\NewFolder\JumpOver_Montage.uasset (0.01MB)
  - Content\ThirdPerson\Animations\NewFolder\Running.uasset (0.61MB)
  - Content\ThirdPerson\Animations\NewFolder\Running_Montage.uasset (0.01MB)
  - Content\ThirdPerson\Animations\NewFolder\SprintingForwardRoll.uasset (0.39MB)
  - Content\ThirdPerson\Animations\NewFolder\SprintingForwardRoll_Montage.uasset (0.01MB)
  - Content\ThirdPerson\Animations\RunningSlide_UE.uasset (0.45MB)
  - Content\ThirdPerson\Animations\RunningSlide_UE_Montage.uasset (0.01MB)
  - Content\ThirdPerson\Animations\VaultOver.uasset (0.73MB)
  - Content\ThirdPerson\Animations\VaultOver_Montage.uasset (0.01MB)
  - Content\ThirdPerson\BP_Notify.uasset (0.02MB)
  - Content\ThirdPerson\Blueprints\BP_Blocker.uasset (0.03MB)
  - Content\ThirdPerson\Blueprints\BP_FloorTile.uasset (0.23MB)
  - Content\ThirdPerson\Blueprints\BP_FloorTileGap.uasset (0.04MB)
  - Content\ThirdPerson\Blueprints\BP_FloorTile_LeftCorner.uasset (0.06MB)
  - Content\ThirdPerson\Blueprints\BP_FloorTile_Path.uasset (0.09MB)
  - Content\ThirdPerson\Blueprints\BP_FloorTile_RampDown.uasset (0.04MB)
  - Content\ThirdPerson\Blueprints\BP_FloorTile_RampUp.uasset (0.04MB)
  - Content\ThirdPerson\Blueprints\BP_FloorTile_RightCorner.uasset (0.06MB)
  - Content\ThirdPerson\Blueprints\BP_Item.uasset (0.05MB)
  - Content\ThirdPerson\Blueprints\BP_RunCharacter.uasset (0.82MB)
  - Content\ThirdPerson\Blueprints\BP_RunGameMode.uasset (0.12MB)
  - Content\ThirdPerson\Input\Actions\IA_Jump.uasset (0.00MB)
  - Content\ThirdPerson\Input\Actions\IA_Look.uasset (0.00MB)
  - Content\ThirdPerson\Input\Actions\IA_Move.uasset (0.00MB)
  - Content\ThirdPerson\Input\IMC_Default.uasset (0.01MB)
  - Content\ThirdPerson\Maps\EndlessRunner.umap (0.04MB)
  - Content\ThirdPerson\Maps\ThirdPersonMap.umap (0.04MB)
  - Content\ThirdPerson\UMG\RunHUD.uasset (0.06MB)
  - Content\UE4_Mannequin_Mobile\Materials\M_UE4Man_Body.uasset (0.15MB)
  - Content\UE4_Mannequin_Mobile\Materials\M_UE4Man_ChestLogo.uasset (0.09MB)
  - Content\UE4_Mannequin_Mobile\Materials\MaterialLayers\ML_GlossyBlack_Latex_UE4.uasset (0.10MB)
  - Content\UE4_Mannequin_Mobile\Materials\MaterialLayers\ML_Plastic_Shiny_Beige.uasset (0.09MB)
  - Content\UE4_Mannequin_Mobile\Materials\MaterialLayers\ML_Plastic_Shiny_Beige_LOGO.uasset (0.10MB)
  - Content\UE4_Mannequin_Mobile\Materials\MaterialLayers\ML_SoftMetal_UE4.uasset (0.10MB)
  - Content\UE4_Mannequin_Mobile\Materials\MaterialLayers\T_ML_Aluminum01.uasset (0.44MB)
  - Content\UE4_Mannequin_Mobile\Materials\MaterialLayers\T_ML_Aluminum01_N.uasset (0.45MB)
  - Content\UE4_Mannequin_Mobile\Materials\MaterialLayers\T_ML_Rubber_Blue_01_D.uasset (0.48MB)
  - Content\UE4_Mannequin_Mobile\Materials\MaterialLayers\T_ML_Rubber_Blue_01_N.uasset (0.41MB)
  - Content\UE4_Mannequin_Mobile\Mesh\SK_Mannequin_Mobile.uasset (1.13MB)
  - Content\UE4_Mannequin_Mobile\Mesh\SK_Mannequin_Mobile_PhysicsAsset.uasset (0.03MB)
  - Content\UE4_Mannequin_Mobile\Mesh\SK_Mannequin_Mobile_Skeleton.uasset (0.01MB)
  - Content\UE4_Mannequin_Mobile\Textures\T_UE4_Mannequin_Mobile_M.uasset (0.23MB)
  - Content\UE4_Mannequin_Mobile\Textures\T_UE4_Mannequin_Mobile_N.uasset (1.63MB)
  - Content\UE4_Mannequin_Mobile\Textures\T_UE4_Mannequin_Mobile_O.uasset (0.31MB)
  - Content\UE4_Mannequin_Mobile\Textures\UE4Man_Logo_N.uasset (0.15MB)
  - Content\UE4_Mannequin_Mobile\Textures\UE4_LOGO_CARD.uasset (0.09MB)
  - Content\__ExternalActors__\ThirdPerson\Maps\ThirdPersonMap\0\43\HYQWORMY4JDQ5X3OKZXFLC.uasset (0.00MB)
  - Content\__ExternalActors__\ThirdPerson\Maps\ThirdPersonMap\0\FG\C9C8NKPQ680JETAE5ROTT1.uasset (0.00MB)
  - Content\__ExternalActors__\ThirdPerson\Maps\ThirdPersonMap\1\AZ\A7GPT109Y6ZTTJD4A7TXER.uasset (0.01MB)
  - Content\__ExternalActors__\ThirdPerson\Maps\ThirdPersonMap\1\C4\XBQE4LG1PQEK65RBKTE1J3.uasset (0.00MB)
  - Content\__ExternalActors__\ThirdPerson\Maps\ThirdPersonMap\1\HL\XWFFRCIJ8QK4NRO30ALA6J.uasset (0.00MB)
  - Content\__ExternalActors__\ThirdPerson\Maps\ThirdPersonMap\1\WU\NB37RT5Q32Z8MJWD8BD2SO.uasset (0.00MB)
  - Content\__ExternalActors__\ThirdPerson\Maps\ThirdPersonMap\3\EY\87SHEJN5UBEAN2K5OV1G6R.uasset (0.00MB)
  - Content\__ExternalActors__\ThirdPerson\Maps\ThirdPersonMap\3\M3\7JQC72ZY37QM4IT43WD5CW.uasset (0.00MB)
  - Content\__ExternalActors__\ThirdPerson\Maps\ThirdPersonMap\3\P3\O43ETCZTFMLWWH1CJ941H2.uasset (0.00MB)
  - Content\__ExternalActors__\ThirdPerson\Maps\ThirdPersonMap\4\60\5PI42YRDC8HSSG6BVV2GRR.uasset (0.00MB)
  - Content\__ExternalActors__\ThirdPerson\Maps\ThirdPersonMap\4\LN\30UBDLYFFA5ZR7U4W4L4GG.uasset (0.00MB)
  - Content\__ExternalActors__\ThirdPerson\Maps\ThirdPersonMap\4\PN\2QISIGK5DJNQ05US8O8FXW.uasset (0.00MB)
  - Content\__ExternalActors__\ThirdPerson\Maps\ThirdPersonMap\5\11\IM858T68EBXCBX1T2FNR96.uasset (0.00MB)
  - Content\__ExternalActors__\ThirdPerson\Maps\ThirdPersonMap\5\7E\BEYC27T14FHBU6LF2F60RR.uasset (0.00MB)
  - Content\__ExternalActors__\ThirdPerson\Maps\ThirdPersonMap\5\9Q\U98KGKQ41NJYFOGFQM8ZDY.uasset (0.00MB)
  - Content\__ExternalActors__\ThirdPerson\Maps\ThirdPersonMap\5\QO\CO9MG7REJF8N8AQFYRCI06.uasset (0.00MB)
  - Content\__ExternalActors__\ThirdPerson\Maps\ThirdPersonMap\5\R1\TS5OQ5CRUWFZYL1ZQ7I416.uasset (0.00MB)
  - Content\__ExternalActors__\ThirdPerson\Maps\ThirdPersonMap\6\CZ\K2YM0JIRZ78IHGM8W2QBAF.uasset (0.00MB)
  - Content\__ExternalActors__\ThirdPerson\Maps\ThirdPersonMap\6\HF\9H7TKAXH9DD8KI3TIXGI2I.uasset (0.00MB)
  - Content\__ExternalActors__\ThirdPerson\Maps\ThirdPersonMap\6\IR\OTJMGDDXDV5TI7982YKZ5P.uasset (0.00MB)
  - Content\__ExternalActors__\ThirdPerson\Maps\ThirdPersonMap\6\J7\N10XDC9G27EMLS5AGZ6AVV.uasset (0.00MB)
  - Content\__ExternalActors__\ThirdPerson\Maps\ThirdPersonMap\6\NC\UUYHDUFQAXTRRN4RVOPIUF.uasset (0.00MB)
  - Content\__ExternalActors__\ThirdPerson\Maps\ThirdPersonMap\6\XB\9VVR39MG0K7W5GQIEFE7SO.uasset (0.00MB)
  - Content\__ExternalActors__\ThirdPerson\Maps\ThirdPersonMap\6\YO\NG2R9BPZVA7ZDN0Z4VSTG6.uasset (0.00MB)
  - Content\__ExternalActors__\ThirdPerson\Maps\ThirdPersonMap\8\3J\6B9RJI3FDPCETRKXUXCQ4C.uasset (0.00MB)
  - Content\__ExternalActors__\ThirdPerson\Maps\ThirdPersonMap\8\S1\DXUWD12MD3HRWVVXX076BY.uasset (0.00MB)
  - Content\__ExternalActors__\ThirdPerson\Maps\ThirdPersonMap\9\U7\H8YL2PPHZPBTI74SUD0RNL.uasset (0.00MB)
  - Content\__ExternalActors__\ThirdPerson\Maps\ThirdPersonMap\A\16\Q7Y1URWWFS0TXGWUTO3S61.uasset (0.00MB)
  - Content\__ExternalActors__\ThirdPerson\Maps\ThirdPersonMap\A\17\6LXV4Y6DE3LUT705XNU4DZ.uasset (0.00MB)
  - Content\__ExternalActors__\ThirdPerson\Maps\ThirdPersonMap\A\6N\MY8KXQJIF22KBO030OGZ7Y.uasset (0.00MB)
  - Content\__ExternalActors__\ThirdPerson\Maps\ThirdPersonMap\A\MS\MRHJREJ6H7USQYWF1KO8F6.uasset (0.00MB)
  - Content\__ExternalActors__\ThirdPerson\Maps\ThirdPersonMap\B\4D\BBOCKSZY1GVHTFRX0PR0O8.uasset (0.00MB)
  - Content\__ExternalActors__\ThirdPerson\Maps\ThirdPersonMap\B\8K\1IKKDYS7RULH8FRYRPPF04.uasset (0.00MB)
  - Content\__ExternalActors__\ThirdPerson\Maps\ThirdPersonMap\B\EA\9BWDWCNL7OZT2HTML9LK1Y.uasset (0.00MB)
  - Content\__ExternalActors__\ThirdPerson\Maps\ThirdPersonMap\B\FB\8RB55FM1HBEUVO4IOQC4YN.uasset (0.00MB)
  - Content\__ExternalActors__\ThirdPerson\Maps\ThirdPersonMap\C\QF\BY1DA5CRGQSAMOTK8RA8KR.uasset (0.00MB)
  - Content\__ExternalActors__\ThirdPerson\Maps\ThirdPersonMap\C\YT\CQR16QFDKKEYP53M51TV4F.uasset (0.00MB)
  - Content\__ExternalActors__\ThirdPerson\Maps\ThirdPersonMap\D\0G\JNKFA4X9LRMSF343ESPF6Q.uasset (0.00MB)
  - Content\__ExternalActors__\ThirdPerson\Maps\ThirdPersonMap\D\3V\NMHOKL5LGQDOAAG00FUMZR.uasset (0.00MB)
  - Content\__ExternalActors__\ThirdPerson\Maps\ThirdPersonMap\D\DE\SWSI13675DVYIZ0N4NF7Y3.uasset (0.00MB)
  - Content\__ExternalActors__\ThirdPerson\Maps\ThirdPersonMap\D\SY\Z4CTQ4LG3YV10EKPD0UE8Q.uasset (0.00MB)
  - Content\__ExternalActors__\ThirdPerson\Maps\ThirdPersonMap\E\8O\GK06JAEJ82TQ0GA2QB0DJG.uasset (0.00MB)
  - Content\__ExternalActors__\ThirdPerson\Maps\ThirdPersonMap\E\FR\LBG6LPN5JCL3FMVSI2CK6R.uasset (0.00MB)
  - Content\__ExternalActors__\ThirdPerson\Maps\ThirdPersonMap\E\QG\KV26YR82YOGEZG3UEIDRQD.uasset (0.00MB)
  - Content\__ExternalObjects__\ThirdPerson\Maps\ThirdPersonMap\4\VW\TY7TSUER9KKGHX2BMKSL0L.uasset (0.00MB)
  - Content\__ExternalObjects__\ThirdPerson\Maps\ThirdPersonMap\6\D8\3MZ6M1DB94VN44C87D65WR.uasset (0.00MB)
  - Content\__ExternalObjects__\ThirdPerson\Maps\ThirdPersonMap\6\TK\PIQ0B2FNWR15P52TECP27A.uasset (0.00MB)
  - Content\__ExternalObjects__\ThirdPerson\Maps\ThirdPersonMap\9\KN\KHZG97SS6AL73U7AXDWH6J.uasset (0.00MB)
  - Content\__ExternalObjects__\ThirdPerson\Maps\ThirdPersonMap\C\7N\FDH7Y28CQFXDK8P6MM1HXM.uasset (0.00MB)
  - Content\__ExternalObjects__\ThirdPerson\Maps\ThirdPersonMap\E\GP\22PD314FCWY4ZK61DE3XZC.uasset (0.00MB)
  - EndlessRunner.uproject (0.00MB)
  - Overview.png (0.00MB)
  - Plugins\JumpLaunch\Content\CharacterJumpLaunch.uasset (0.05MB)
  - Plugins\JumpLaunch\JumpLaunch.uplugin (0.00MB)
  - Plugins\JumpLaunch\Resources\Icon128.png (0.01MB)

Chunk #66 (10 files, 22.83MB):
  - Source\FBX\Conversations\Root_Motion\Convo_01_Low_Key_Loop.fbx (2.83MB)
  - Source\FBX\Conversations\Root_Motion\Convo_11_Listening_Loop.fbx (2.51MB)
  - Source\FBX\Mobility\In_Place\MOB1_CrouchWalk_F_IPC.fbx (2.20MB)
  - Source\FBX\Mobility\In_Place\MOB1_Crouch_Idle_V2_IPC.fbx (2.28MB)
  - Source\FBX\Mobility\In_Place\MOB1_Jog_F_IPC.fbx (2.18MB)
  - Source\FBX\Mobility\In_Place\MOB1_Jog_F_to_Stand_Relaxed_RU_IPC.fbx (2.21MB)
  - Source\FBX\Mobility\In_Place\MOB1_Run_F_IPC.fbx (2.18MB)
  - Source\FBX\Mobility\In_Place\MOB1_Run_F_to_Stand_Relaxed_RU_IPC.fbx (2.24MB)
  - Source\FBX\Mobility\In_Place\MOB1_Stand_Relaxed_Death_B_IPC.fbx (1.92MB)
  - Source\FBX\Mobility\In_Place\MOB1_Stand_Relaxed_Fgt_v1_IPC.fbx (2.28MB)

Chunk #67 (12 files, 23.84MB):
  - Source\FBX\Mobility\In_Place\MOB1_Stand_Relaxed_Fgt_v4_IPC.fbx (2.42MB)
  - Source\FBX\Mobility\In_Place\MOB1_Stand_Relaxed_Idle_v2_IPC.fbx (2.26MB)
  - Source\FBX\Mobility\In_Place\MOB1_Walk_F_IPC.fbx (2.20MB)
  - Source\FBX\Mobility\Root_Motion\MOB1_CrouchWalk_F.fbx (1.83MB)
  - Source\FBX\Mobility\Root_Motion\MOB1_Crouch_Idle_V2.fbx (1.92MB)
  - Source\FBX\Mobility\Root_Motion\MOB1_Jog_F.fbx (1.82MB)
  - Source\FBX\Mobility\Root_Motion\MOB1_Jog_F_to_Stand_Relaxed_RU.fbx (1.85MB)
  - Source\FBX\Mobility\Root_Motion\MOB1_Run_F.fbx (1.81MB)
  - Source\FBX\Mobility\Root_Motion\MOB1_Run_F_to_Stand_Relaxed_RU.fbx (1.87MB)
  - Source\FBX\Mobility\Root_Motion\MOB1_Stand_Relaxed_Death_B.fbx (1.97MB)
  - Source\FBX\Mobility\Root_Motion\MOB1_Stand_Relaxed_Fgt_v1.fbx (1.92MB)
  - Source\FBX\Mobility\Root_Motion\MOB1_Stand_Relaxed_Fgt_v4.fbx (1.96MB)

Chunk #68 (11 files, 23.23MB):
  - Source\FBX\Mobility\Root_Motion\MOB1_Stand_Relaxed_Idle_v2.fbx (1.91MB)
  - Source\FBX\Mobility\Root_Motion\MOB1_Walk_F.fbx (1.83MB)
  - Source\FBX\Scared\In_Place\SCR_Walk_Scared_Fwd_Look_Left_Loop_IP.fbx (2.62MB)
  - Source\FBX\Scared\In_Place\SCR_Walk_Scared_Fwd_Look_Right_Loop_IP.fbx (2.58MB)
  - Source\FBX\Scared\Root_Motion\SCR_Walk_Scared_Fwd_Look_Left_Loop.fbx (2.23MB)
  - Source\FBX\Scared\Root_Motion\SCR_Walk_Scared_Fwd_Look_Right_Loop.fbx (2.19MB)
  - Source\FBX\Walks\In_Place\Walk_02_Cheerful_Loop_IP.fbx (1.86MB)
  - Source\FBX\Walks\In_Place\Walk_04_Texting_Loop_IP.fbx (1.93MB)
  - Source\FBX\Walks\In_Place\Walk_06_Look_Around_Loop_IP.fbx (2.12MB)
  - Source\FBX\Walks\In_Place\Walk_08_Listen_Music_Loop_IP.fbx (2.00MB)
  - Source\FBX\Walks\In_Place\Walk_13_Power_Walk_Loop_IP.fbx (1.96MB)

Chunk #69 (18 files, 22.19MB):
  - Source\FBX\Walks\Root_Motion\Walk_02_Cheerful_Loop.fbx (1.86MB)
  - Source\FBX\Walks\Root_Motion\Walk_04_Texting_Loop.fbx (1.93MB)
  - Source\FBX\Walks\Root_Motion\Walk_06_Look_Around_Loop.fbx (2.13MB)
  - Source\FBX\Walks\Root_Motion\Walk_08_Listen_Music_Loop.fbx (2.01MB)
  - Source\FBX\Walks\Root_Motion\Walk_13_Power_Walk_Loop.fbx (1.96MB)
  - Source\Maya\SK_Mannequin_HIK_Edit_Template.mb (4.23MB)
  - Source\Motionbuilder\SK_Mannequin_Edit_Template.fbm\UE4_Mannequin_occlusion.jpg (0.17MB)
  - Source\Motionbuilder\SK_Mannequin_Edit_Template.fbx (3.19MB)
  - Source\SKMannequin_A_Pose\SK_Mannequin.fbx (2.19MB)
  - Source\SKMannequin_A_Pose\SK_Mannequin_A_Pose_README.txt (0.00MB)
  - Source\SKMannequin_A_Pose\UE4_Mannequin_occlusion.jpg (0.17MB)
  - Source\SKMannequin_T_Pose\SK_Mannequin.fbx (2.18MB)
  - Source\SKMannequin_T_Pose\SK_Mannequin_T_Pose_README.txt (0.00MB)
  - Source\SKMannequin_T_Pose\UE4_Mannequin_occlusion.jpg (0.17MB)
  - Source\SK_Mannequin_A_Pose_README.txt (0.00MB)
  - Source\SK_Mannequin_T_Pose_README.txt (0.00MB)
  - Source\UE4_MocapOnline_Tech_Notes.txt (0.00MB)
  - git_chunks.log (0.00MB)
================================================================================
2026-06-02 12:25:09,974 - INFO - 
Operation completed successfully. Full report saved to git_chunks.log
